25-Sep-2026 10:05:25.595 INFOS [main] org.apache.catalina.startup.VersionLoggerListener.log Nom version serveur :              Apache Tomcat/11.0.25
25-Sep-2026 10:05:25.597 INFOS [main] org.apache.catalina.startup.VersionLoggerListener.log Serveur compilé :                  Aug 12 2026 12:46:04 UTC
25-Sep-2026 10:05:25.597 INFOS [main] org.apache.catalina.startup.VersionLoggerListener.log Version du serveur :               11.0.25.0
25-Sep-2026 10:05:25.597 INFOS [main] org.apache.catalina.startup.VersionLoggerListener.log Nom de l'OS :                      Linux
25-Sep-2026 10:05:25.597 INFOS [main] org.apache.catalina.startup.VersionLoggerListener.log Version OS :                       7.0.0-31-generic
25-Sep-2026 10:05:25.597 INFOS [main] org.apache.catalina.startup.VersionLoggerListener.log Architecture :                     amd64
25-Sep-2026 10:05:25.597 INFOS [main] org.apache.catalina.startup.VersionLoggerListener.log Java Home :                        /usr/lib/jvm/java-25-openjdk-amd64
25-Sep-2026 10:05:25.597 INFOS [main] org.apache.catalina.startup.VersionLoggerListener.log Version JVM :                      25.0.4+7-1-24.04-Ubuntu
25-Sep-2026 10:05:25.597 INFOS [main] org.apache.catalina.startup.VersionLoggerListener.log Fournisseur de la JVM :            Ubuntu
25-Sep-2026 10:05:25.597 INFOS [main] org.apache.catalina.startup.VersionLoggerListener.log CATALINA_BASE :                    /home/nextoo/Documents/cour-BUT-info-3/back-end/apache-tomcat-11.0.25
25-Sep-2026 10:05:25.597 INFOS [main] org.apache.catalina.startup.VersionLoggerListener.log CATALINA_HOME :                    /home/nextoo/Documents/cour-BUT-info-3/back-end/apache-tomcat-11.0.25
25-Sep-2026 10:05:25.604 INFOS [main] org.apache.catalina.startup.VersionLoggerListener.log Argument de la ligne de commande : -Djava.util.logging.config.file=/home/nextoo/Documents/cour-BUT-info-3/back-end/apache-tomcat-11.0.25/conf/logging.properties
25-Sep-2026 10:05:25.604 INFOS [main] org.apache.catalina.startup.VersionLoggerListener.log Argument de la ligne de commande : -Djava.util.logging.manager=org.apache.juli.ClassLoaderLogManager
25-Sep-2026 10:05:25.604 INFOS [main] org.apache.catalina.startup.VersionLoggerListener.log Argument de la ligne de commande : -Djdk.tls.ephemeralDHKeySize=2048
25-Sep-2026 10:05:25.604 INFOS [main] org.apache.catalina.startup.VersionLoggerListener.log Argument de la ligne de commande : -Dorg.apache.catalina.security.SecurityListener.UMASK=0027
25-Sep-2026 10:05:25.604 INFOS [main] org.apache.catalina.startup.VersionLoggerListener.log Argument de la ligne de commande : --add-opens=java.base/java.lang=ALL-UNNAMED
25-Sep-2026 10:05:25.604 INFOS [main] org.apache.catalina.startup.VersionLoggerListener.log Argument de la ligne de commande : --add-opens=java.base/java.lang.reflect=ALL-UNNAMED
25-Sep-2026 10:05:25.604 INFOS [main] org.apache.catalina.startup.VersionLoggerListener.log Argument de la ligne de commande : --add-opens=java.base/java.io=ALL-UNNAMED
25-Sep-2026 10:05:25.604 INFOS [main] org.apache.catalina.startup.VersionLoggerListener.log Argument de la ligne de commande : --add-opens=java.base/java.util=ALL-UNNAMED
25-Sep-2026 10:05:25.605 INFOS [main] org.apache.catalina.startup.VersionLoggerListener.log Argument de la ligne de commande : --add-opens=java.base/java.util.concurrent=ALL-UNNAMED
25-Sep-2026 10:05:25.605 INFOS [main] org.apache.catalina.startup.VersionLoggerListener.log Argument de la ligne de commande : --add-opens=java.rmi/sun.rmi.transport=ALL-UNNAMED
25-Sep-2026 10:05:25.605 INFOS [main] org.apache.catalina.startup.VersionLoggerListener.log Argument de la ligne de commande : --enable-native-access=ALL-UNNAMED
25-Sep-2026 10:05:25.605 INFOS [main] org.apache.catalina.startup.VersionLoggerListener.log Argument de la ligne de commande : -Dcatalina.base=/home/nextoo/Documents/cour-BUT-info-3/back-end/apache-tomcat-11.0.25
25-Sep-2026 10:05:25.605 INFOS [main] org.apache.catalina.startup.VersionLoggerListener.log Argument de la ligne de commande : -Dcatalina.home=/home/nextoo/Documents/cour-BUT-info-3/back-end/apache-tomcat-11.0.25
25-Sep-2026 10:05:25.605 INFOS [main] org.apache.catalina.startup.VersionLoggerListener.log Argument de la ligne de commande : -Djava.io.tmpdir=/home/nextoo/Documents/cour-BUT-info-3/back-end/apache-tomcat-11.0.25/temp
25-Sep-2026 10:05:25.606 INFOS [main] org.apache.catalina.core.AprLifecycleListener.lifecycleEvent La librairie Apache Tomcat Native basée sur APR qui permet des performances optimales dans les environnements de production n'a pas été trouvée sur le java.library.path : [/usr/java/packages/lib:/usr/lib/x86_64-linux-gnu/jni:/lib/x86_64-linux-gnu:/usr/lib/x86_64-linux-gnu:/usr/lib/jni:/lib:/usr/lib]
25-Sep-2026 10:05:25.750 INFOS [main] org.apache.coyote.AbstractProtocol.init Initialisation du gestionnaire de protocole ["http-nio-8080"]
25-Sep-2026 10:05:25.763 INFOS [main] org.apache.catalina.startup.Catalina.load L'initialisation du serveur a pris [279] millisecondes
25-Sep-2026 10:05:25.787 INFOS [main] org.apache.catalina.core.StandardService.startInternal Démarrage du service [Catalina]
25-Sep-2026 10:05:25.787 INFOS [main] org.apache.catalina.core.StandardEngine.startInternal Démarrage du moteur de Servlets : [Apache Tomcat/11.0.25]
25-Sep-2026 10:05:25.792 INFOS [main] org.apache.catalina.startup.HostConfig.deployDirectory Déploiement du répertoire d'application web [/home/nextoo/Documents/cour-BUT-info-3/back-end/apache-tomcat-11.0.25/webapps/examples]
25-Sep-2026 10:05:25.973 INFOS [main] org.apache.jasper.servlet.TldScanner.scanJars Au moins un fichier JAR a été analysé pour trouver des TLDs mais il n'en contenait pas, le mode "debug" du journal peut être activé pour obtenir une liste complète de JAR scannés sans succès ; éviter d'analyser des JARs inutilement peut améliorer sensiblement le temps de démarrage et le temps de compilation des JSPs
25-Sep-2026 10:05:26.002 INFOS [main] org.apache.catalina.startup.HostConfig.deployDirectory Le déploiement du répertoire [/home/nextoo/Documents/cour-BUT-info-3/back-end/apache-tomcat-11.0.25/webapps/examples] de l'application web s'est terminé en [206] ms
25-Sep-2026 10:05:26.002 INFOS [main] org.apache.catalina.startup.HostConfig.deployDirectory Déploiement du répertoire d'application web [/home/nextoo/Documents/cour-BUT-info-3/back-end/apache-tomcat-11.0.25/webapps/tp501]
25-Sep-2026 10:05:26.054 INFOS [main] org.apache.jasper.servlet.TldScanner.scanJars Au moins un fichier JAR a été analysé pour trouver des TLDs mais il n'en contenait pas, le mode "debug" du journal peut être activé pour obtenir une liste complète de JAR scannés sans succès ; éviter d'analyser des JARs inutilement peut améliorer sensiblement le temps de démarrage et le temps de compilation des JSPs
25-Sep-2026 10:05:26.055 INFOS [main] org.apache.catalina.startup.HostConfig.deployDirectory Le déploiement du répertoire [/home/nextoo/Documents/cour-BUT-info-3/back-end/apache-tomcat-11.0.25/webapps/tp501] de l'application web s'est terminé en [53] ms
25-Sep-2026 10:05:26.056 INFOS [main] org.apache.catalina.startup.HostConfig.deployDirectory Déploiement du répertoire d'application web [/home/nextoo/Documents/cour-BUT-info-3/back-end/apache-tomcat-11.0.25/webapps/docs]
25-Sep-2026 10:05:26.101 INFOS [main] org.apache.jasper.servlet.TldScanner.scanJars Au moins un fichier JAR a été analysé pour trouver des TLDs mais il n'en contenait pas, le mode "debug" du journal peut être activé pour obtenir une liste complète de JAR scannés sans succès ; éviter d'analyser des JARs inutilement peut améliorer sensiblement le temps de démarrage et le temps de compilation des JSPs
25-Sep-2026 10:05:26.102 INFOS [main] org.apache.catalina.startup.HostConfig.deployDirectory Le déploiement du répertoire [/home/nextoo/Documents/cour-BUT-info-3/back-end/apache-tomcat-11.0.25/webapps/docs] de l'application web s'est terminé en [47] ms
25-Sep-2026 10:05:26.102 INFOS [main] org.apache.catalina.startup.HostConfig.deployDirectory Déploiement du répertoire d'application web [/home/nextoo/Documents/cour-BUT-info-3/back-end/apache-tomcat-11.0.25/webapps/tp503b]
25-Sep-2026 10:05:26.147 INFOS [main] org.apache.jasper.servlet.TldScanner.scanJars Au moins un fichier JAR a été analysé pour trouver des TLDs mais il n'en contenait pas, le mode "debug" du journal peut être activé pour obtenir une liste complète de JAR scannés sans succès ; éviter d'analyser des JARs inutilement peut améliorer sensiblement le temps de démarrage et le temps de compilation des JSPs
25-Sep-2026 10:05:26.148 INFOS [main] org.apache.catalina.startup.HostConfig.deployDirectory Le déploiement du répertoire [/home/nextoo/Documents/cour-BUT-info-3/back-end/apache-tomcat-11.0.25/webapps/tp503b] de l'application web s'est terminé en [46] ms
25-Sep-2026 10:05:26.148 INFOS [main] org.apache.catalina.startup.HostConfig.deployDirectory Déploiement du répertoire d'application web [/home/nextoo/Documents/cour-BUT-info-3/back-end/apache-tomcat-11.0.25/webapps/tp502]
25-Sep-2026 10:05:26.192 INFOS [main] org.apache.jasper.servlet.TldScanner.scanJars Au moins un fichier JAR a été analysé pour trouver des TLDs mais il n'en contenait pas, le mode "debug" du journal peut être activé pour obtenir une liste complète de JAR scannés sans succès ; éviter d'analyser des JARs inutilement peut améliorer sensiblement le temps de démarrage et le temps de compilation des JSPs
25-Sep-2026 10:05:26.195 INFOS [main] org.apache.catalina.startup.HostConfig.deployDirectory Le déploiement du répertoire [/home/nextoo/Documents/cour-BUT-info-3/back-end/apache-tomcat-11.0.25/webapps/tp502] de l'application web s'est terminé en [47] ms
25-Sep-2026 10:05:26.195 INFOS [main] org.apache.catalina.startup.HostConfig.deployDirectory Déploiement du répertoire d'application web [/home/nextoo/Documents/cour-BUT-info-3/back-end/apache-tomcat-11.0.25/webapps/manager]
25-Sep-2026 10:05:26.236 INFOS [main] org.apache.jasper.servlet.TldScanner.scanJars Au moins un fichier JAR a été analysé pour trouver des TLDs mais il n'en contenait pas, le mode "debug" du journal peut être activé pour obtenir une liste complète de JAR scannés sans succès ; éviter d'analyser des JARs inutilement peut améliorer sensiblement le temps de démarrage et le temps de compilation des JSPs
25-Sep-2026 10:05:26.239 INFOS [main] org.apache.catalina.startup.HostConfig.deployDirectory Le déploiement du répertoire [/home/nextoo/Documents/cour-BUT-info-3/back-end/apache-tomcat-11.0.25/webapps/manager] de l'application web s'est terminé en [44] ms
25-Sep-2026 10:05:26.239 INFOS [main] org.apache.catalina.startup.HostConfig.deployDirectory Déploiement du répertoire d'application web [/home/nextoo/Documents/cour-BUT-info-3/back-end/apache-tomcat-11.0.25/webapps/host-manager]
25-Sep-2026 10:05:26.277 INFOS [main] org.apache.jasper.servlet.TldScanner.scanJars Au moins un fichier JAR a été analysé pour trouver des TLDs mais il n'en contenait pas, le mode "debug" du journal peut être activé pour obtenir une liste complète de JAR scannés sans succès ; éviter d'analyser des JARs inutilement peut améliorer sensiblement le temps de démarrage et le temps de compilation des JSPs
25-Sep-2026 10:05:26.278 INFOS [main] org.apache.catalina.startup.HostConfig.deployDirectory Le déploiement du répertoire [/home/nextoo/Documents/cour-BUT-info-3/back-end/apache-tomcat-11.0.25/webapps/host-manager] de l'application web s'est terminé en [39] ms
25-Sep-2026 10:05:26.278 INFOS [main] org.apache.catalina.startup.HostConfig.deployDirectory Déploiement du répertoire d'application web [/home/nextoo/Documents/cour-BUT-info-3/back-end/apache-tomcat-11.0.25/webapps/tp503]
25-Sep-2026 10:05:26.314 INFOS [main] org.apache.jasper.servlet.TldScanner.scanJars Au moins un fichier JAR a été analysé pour trouver des TLDs mais il n'en contenait pas, le mode "debug" du journal peut être activé pour obtenir une liste complète de JAR scannés sans succès ; éviter d'analyser des JARs inutilement peut améliorer sensiblement le temps de démarrage et le temps de compilation des JSPs
25-Sep-2026 10:05:26.315 INFOS [main] org.apache.catalina.startup.HostConfig.deployDirectory Le déploiement du répertoire [/home/nextoo/Documents/cour-BUT-info-3/back-end/apache-tomcat-11.0.25/webapps/tp503] de l'application web s'est terminé en [37] ms
25-Sep-2026 10:05:26.315 INFOS [main] org.apache.catalina.startup.HostConfig.deployDirectory Déploiement du répertoire d'application web [/home/nextoo/Documents/cour-BUT-info-3/back-end/apache-tomcat-11.0.25/webapps/ROOT]
25-Sep-2026 10:05:26.351 INFOS [main] org.apache.jasper.servlet.TldScanner.scanJars Au moins un fichier JAR a été analysé pour trouver des TLDs mais il n'en contenait pas, le mode "debug" du journal peut être activé pour obtenir une liste complète de JAR scannés sans succès ; éviter d'analyser des JARs inutilement peut améliorer sensiblement le temps de démarrage et le temps de compilation des JSPs
25-Sep-2026 10:05:26.352 INFOS [main] org.apache.catalina.startup.HostConfig.deployDirectory Le déploiement du répertoire [/home/nextoo/Documents/cour-BUT-info-3/back-end/apache-tomcat-11.0.25/webapps/ROOT] de l'application web s'est terminé en [37] ms
25-Sep-2026 10:05:26.355 INFOS [main] org.apache.coyote.AbstractProtocol.start Démarrage du gestionnaire de protocole ["http-nio-8080"]
25-Sep-2026 10:05:26.368 INFOS [main] org.apache.catalina.startup.Catalina.start Le démarrage du serveur a pris [604] millisecondes
25-Sep-2026 10:05:52.596 INFOS [Thread-1] org.apache.coyote.AbstractProtocol.pause Le gestionnaire de protocole ["http-nio-8080"] est mis en pause
25-Sep-2026 10:05:52.601 INFOS [Thread-1] org.apache.catalina.core.StandardService.stopInternal Arrêt du service [Catalina]
25-Sep-2026 10:05:52.615 INFOS [Thread-1] org.apache.coyote.AbstractProtocol.stop Arrêt du gestionnaire de protocole ["http-nio-8080"]
25-Sep-2026 10:05:52.624 INFOS [Thread-1] org.apache.coyote.AbstractProtocol.destroy Destruction du gestionnaire de protocole ["http-nio-8080"]
