03-Sep-2026 09:22:20.664 INFO [main] org.apache.catalina.startup.VersionLoggerListener.log Server version name:   Apache Tomcat/11.0.25
03-Sep-2026 09:22:20.667 INFO [main] org.apache.catalina.startup.VersionLoggerListener.log Server built:          Aug 12 2026 12:46:04 UTC
03-Sep-2026 09:22:20.668 INFO [main] org.apache.catalina.startup.VersionLoggerListener.log Server version number: 11.0.25.0
03-Sep-2026 09:22:20.668 INFO [main] org.apache.catalina.startup.VersionLoggerListener.log OS Name:               Linux
03-Sep-2026 09:22:20.668 INFO [main] org.apache.catalina.startup.VersionLoggerListener.log OS Version:            6.12.107+deb13-amd64
03-Sep-2026 09:22:20.668 INFO [main] org.apache.catalina.startup.VersionLoggerListener.log Architecture:          amd64
03-Sep-2026 09:22:20.668 INFO [main] org.apache.catalina.startup.VersionLoggerListener.log Java Home:             /usr/lib/jvm/java-21-openjdk-amd64
03-Sep-2026 09:22:20.668 INFO [main] org.apache.catalina.startup.VersionLoggerListener.log JVM Version:           21.0.12.1+1-1-deb13u1-Debian
03-Sep-2026 09:22:20.668 INFO [main] org.apache.catalina.startup.VersionLoggerListener.log JVM Vendor:            Debian
03-Sep-2026 09:22:20.669 INFO [main] org.apache.catalina.startup.VersionLoggerListener.log CATALINA_BASE:         /home/infoetu/hugo.straseele.etu/s5/back-end/apache-tomcat-11.0.25
03-Sep-2026 09:22:20.669 INFO [main] org.apache.catalina.startup.VersionLoggerListener.log CATALINA_HOME:         /home/infoetu/hugo.straseele.etu/s5/back-end/apache-tomcat-11.0.25
03-Sep-2026 09:22:20.688 INFO [main] org.apache.catalina.startup.VersionLoggerListener.log Command line argument: -Djava.util.logging.config.file=/home/infoetu/hugo.straseele.etu/s5/back-end/apache-tomcat-11.0.25/conf/logging.properties
03-Sep-2026 09:22:20.689 INFO [main] org.apache.catalina.startup.VersionLoggerListener.log Command line argument: -Djava.util.logging.manager=org.apache.juli.ClassLoaderLogManager
03-Sep-2026 09:22:20.689 INFO [main] org.apache.catalina.startup.VersionLoggerListener.log Command line argument: -Djdk.tls.ephemeralDHKeySize=2048
03-Sep-2026 09:22:20.689 INFO [main] org.apache.catalina.startup.VersionLoggerListener.log Command line argument: -Dorg.apache.catalina.security.SecurityListener.UMASK=0027
03-Sep-2026 09:22:20.689 INFO [main] org.apache.catalina.startup.VersionLoggerListener.log Command line argument: --add-opens=java.base/java.lang=ALL-UNNAMED
03-Sep-2026 09:22:20.689 INFO [main] org.apache.catalina.startup.VersionLoggerListener.log Command line argument: --add-opens=java.base/java.lang.reflect=ALL-UNNAMED
03-Sep-2026 09:22:20.689 INFO [main] org.apache.catalina.startup.VersionLoggerListener.log Command line argument: --add-opens=java.base/java.io=ALL-UNNAMED
03-Sep-2026 09:22:20.689 INFO [main] org.apache.catalina.startup.VersionLoggerListener.log Command line argument: --add-opens=java.base/java.util=ALL-UNNAMED
03-Sep-2026 09:22:20.690 INFO [main] org.apache.catalina.startup.VersionLoggerListener.log Command line argument: --add-opens=java.base/java.util.concurrent=ALL-UNNAMED
03-Sep-2026 09:22:20.690 INFO [main] org.apache.catalina.startup.VersionLoggerListener.log Command line argument: --add-opens=java.rmi/sun.rmi.transport=ALL-UNNAMED
03-Sep-2026 09:22:20.690 INFO [main] org.apache.catalina.startup.VersionLoggerListener.log Command line argument: --enable-native-access=ALL-UNNAMED
03-Sep-2026 09:22:20.690 INFO [main] org.apache.catalina.startup.VersionLoggerListener.log Command line argument: -Dcatalina.base=/home/infoetu/hugo.straseele.etu/s5/back-end/apache-tomcat-11.0.25
03-Sep-2026 09:22:20.690 INFO [main] org.apache.catalina.startup.VersionLoggerListener.log Command line argument: -Dcatalina.home=/home/infoetu/hugo.straseele.etu/s5/back-end/apache-tomcat-11.0.25
03-Sep-2026 09:22:20.690 INFO [main] org.apache.catalina.startup.VersionLoggerListener.log Command line argument: -Djava.io.tmpdir=/home/infoetu/hugo.straseele.etu/s5/back-end/apache-tomcat-11.0.25/temp
03-Sep-2026 09:22:20.697 INFO [main] org.apache.catalina.core.AprLifecycleListener.lifecycleEvent The Apache Tomcat Native library which allows using OpenSSL was not found on the java.library.path: [/usr/java/packages/lib:/usr/lib/x86_64-linux-gnu/jni:/lib/x86_64-linux-gnu:/usr/lib/x86_64-linux-gnu:/usr/lib/jni:/lib:/usr/lib]
03-Sep-2026 09:22:20.921 INFO [main] org.apache.coyote.AbstractProtocol.init Initializing ProtocolHandler ["http-nio-8080"]
03-Sep-2026 09:22:20.942 INFO [main] org.apache.catalina.startup.Catalina.load Server initialization in [448] milliseconds
03-Sep-2026 09:22:20.981 INFO [main] org.apache.catalina.core.StandardService.startInternal Starting service [Catalina]
03-Sep-2026 09:22:20.981 INFO [main] org.apache.catalina.core.StandardEngine.startInternal Starting Servlet engine: [Apache Tomcat/11.0.25]
03-Sep-2026 09:22:20.996 INFO [main] org.apache.catalina.startup.HostConfig.deployDirectory Deploying web application directory [/home/infoetu/hugo.straseele.etu/s5/back-end/apache-tomcat-11.0.25/webapps/ROOT]
03-Sep-2026 09:22:21.225 INFO [main] org.apache.catalina.startup.HostConfig.deployDirectory Deployment of web application directory [/home/infoetu/hugo.straseele.etu/s5/back-end/apache-tomcat-11.0.25/webapps/ROOT] has finished in [228] ms
03-Sep-2026 09:22:21.225 INFO [main] org.apache.catalina.startup.HostConfig.deployDirectory Deploying web application directory [/home/infoetu/hugo.straseele.etu/s5/back-end/apache-tomcat-11.0.25/webapps/tp501]
03-Sep-2026 09:22:21.243 INFO [main] org.apache.catalina.startup.HostConfig.deployDirectory Deployment of web application directory [/home/infoetu/hugo.straseele.etu/s5/back-end/apache-tomcat-11.0.25/webapps/tp501] has finished in [18] ms
03-Sep-2026 09:22:21.244 INFO [main] org.apache.catalina.startup.HostConfig.deployDirectory Deploying web application directory [/home/infoetu/hugo.straseele.etu/s5/back-end/apache-tomcat-11.0.25/webapps/docs]
03-Sep-2026 09:22:21.273 INFO [main] org.apache.catalina.startup.HostConfig.deployDirectory Deployment of web application directory [/home/infoetu/hugo.straseele.etu/s5/back-end/apache-tomcat-11.0.25/webapps/docs] has finished in [29] ms
03-Sep-2026 09:22:21.274 INFO [main] org.apache.catalina.startup.HostConfig.deployDirectory Deploying web application directory [/home/infoetu/hugo.straseele.etu/s5/back-end/apache-tomcat-11.0.25/webapps/manager]
03-Sep-2026 09:22:21.308 INFO [main] org.apache.catalina.startup.HostConfig.deployDirectory Deployment of web application directory [/home/infoetu/hugo.straseele.etu/s5/back-end/apache-tomcat-11.0.25/webapps/manager] has finished in [34] ms
03-Sep-2026 09:22:21.308 INFO [main] org.apache.catalina.startup.HostConfig.deployDirectory Deploying web application directory [/home/infoetu/hugo.straseele.etu/s5/back-end/apache-tomcat-11.0.25/webapps/host-manager]
03-Sep-2026 09:22:21.330 INFO [main] org.apache.catalina.startup.HostConfig.deployDirectory Deployment of web application directory [/home/infoetu/hugo.straseele.etu/s5/back-end/apache-tomcat-11.0.25/webapps/host-manager] has finished in [22] ms
03-Sep-2026 09:22:21.331 INFO [main] org.apache.catalina.startup.HostConfig.deployDirectory Deploying web application directory [/home/infoetu/hugo.straseele.etu/s5/back-end/apache-tomcat-11.0.25/webapps/examples]
03-Sep-2026 09:22:21.735 INFO [main] org.apache.catalina.startup.HostConfig.deployDirectory Deployment of web application directory [/home/infoetu/hugo.straseele.etu/s5/back-end/apache-tomcat-11.0.25/webapps/examples] has finished in [404] ms
03-Sep-2026 09:22:21.738 INFO [main] org.apache.coyote.AbstractProtocol.start Starting ProtocolHandler ["http-nio-8080"]
03-Sep-2026 09:22:21.748 INFO [main] org.apache.catalina.startup.Catalina.start Server startup in [805] milliseconds
03-Sep-2026 09:24:51.908 INFO [Catalina-utility-1] org.apache.catalina.startup.HostConfig.undeploy Undeploying context [/tp501]
03-Sep-2026 09:24:52.423 INFO [Catalina-utility-1] org.apache.catalina.startup.HostConfig.undeploy Undeploying context [/examples]
03-Sep-2026 09:24:52.429 INFO [Catalina-utility-1] org.apache.catalina.startup.HostConfig.deployDirectory Deploying web application directory [/home/infoetu/hugo.straseele.etu/s5/back-end/apache-tomcat-11.0.25/webapps/tp501]
03-Sep-2026 09:24:52.450 INFO [Catalina-utility-1] org.apache.catalina.startup.HostConfig.deployDirectory Deployment of web application directory [/home/infoetu/hugo.straseele.etu/s5/back-end/apache-tomcat-11.0.25/webapps/tp501] has finished in [21] ms
03-Sep-2026 09:24:52.450 INFO [Catalina-utility-1] org.apache.catalina.startup.HostConfig.deployDirectory Deploying web application directory [/home/infoetu/hugo.straseele.etu/s5/back-end/apache-tomcat-11.0.25/webapps/examples]
03-Sep-2026 09:24:52.609 INFO [Catalina-utility-1] org.apache.catalina.startup.HostConfig.deployDirectory Deployment of web application directory [/home/infoetu/hugo.straseele.etu/s5/back-end/apache-tomcat-11.0.25/webapps/examples] has finished in [159] ms
03-Sep-2026 09:25:02.612 INFO [Catalina-utility-2] org.apache.catalina.startup.HostConfig.reload Reloading context [/tp501]
03-Sep-2026 09:25:02.613 INFO [Catalina-utility-2] org.apache.catalina.core.StandardContext.reload Reloading Context with name [/tp501] has started
03-Sep-2026 09:25:02.714 INFO [Catalina-utility-2] org.apache.catalina.core.StandardContext.reload Reloading Context with name [/tp501] is completed
03-Sep-2026 09:25:02.714 INFO [Catalina-utility-2] org.apache.catalina.startup.HostConfig.reload Reloading context [/examples]
03-Sep-2026 09:25:02.714 INFO [Catalina-utility-2] org.apache.catalina.core.StandardContext.reload Reloading Context with name [/examples] has started
03-Sep-2026 09:25:02.725 INFO [Catalina-utility-2] org.apache.catalina.core.StandardContext.reload Reloading Context with name [/examples] is completed
03-Sep-2026 09:33:56.784 INFO [Thread-1] org.apache.coyote.AbstractProtocol.pause Pausing ProtocolHandler ["http-nio-8080"]
03-Sep-2026 09:33:56.797 INFO [Thread-1] org.apache.catalina.core.StandardService.stopInternal Stopping service [Catalina]
03-Sep-2026 09:33:56.811 INFO [Thread-1] org.apache.coyote.AbstractProtocol.stop Stopping ProtocolHandler ["http-nio-8080"]
03-Sep-2026 09:33:56.822 INFO [Thread-1] org.apache.coyote.AbstractProtocol.destroy Destroying ProtocolHandler ["http-nio-8080"]
03-Sep-2026 09:33:58.724 INFO [main] org.apache.catalina.startup.VersionLoggerListener.log Server version name:   Apache Tomcat/11.0.25
03-Sep-2026 09:33:58.727 INFO [main] org.apache.catalina.startup.VersionLoggerListener.log Server built:          Aug 12 2026 12:46:04 UTC
03-Sep-2026 09:33:58.727 INFO [main] org.apache.catalina.startup.VersionLoggerListener.log Server version number: 11.0.25.0
03-Sep-2026 09:33:58.727 INFO [main] org.apache.catalina.startup.VersionLoggerListener.log OS Name:               Linux
03-Sep-2026 09:33:58.727 INFO [main] org.apache.catalina.startup.VersionLoggerListener.log OS Version:            6.12.107+deb13-amd64
03-Sep-2026 09:33:58.727 INFO [main] org.apache.catalina.startup.VersionLoggerListener.log Architecture:          amd64
03-Sep-2026 09:33:58.728 INFO [main] org.apache.catalina.startup.VersionLoggerListener.log Java Home:             /usr/lib/jvm/java-21-openjdk-amd64
03-Sep-2026 09:33:58.728 INFO [main] org.apache.catalina.startup.VersionLoggerListener.log JVM Version:           21.0.12.1+1-1-deb13u1-Debian
03-Sep-2026 09:33:58.728 INFO [main] org.apache.catalina.startup.VersionLoggerListener.log JVM Vendor:            Debian
03-Sep-2026 09:33:58.728 INFO [main] org.apache.catalina.startup.VersionLoggerListener.log CATALINA_BASE:         /home/infoetu/hugo.straseele.etu/s5/back-end/apache-tomcat-11.0.25
03-Sep-2026 09:33:58.728 INFO [main] org.apache.catalina.startup.VersionLoggerListener.log CATALINA_HOME:         /home/infoetu/hugo.straseele.etu/s5/back-end/apache-tomcat-11.0.25
03-Sep-2026 09:33:58.734 INFO [main] org.apache.catalina.startup.VersionLoggerListener.log Command line argument: -Djava.util.logging.config.file=/home/infoetu/hugo.straseele.etu/s5/back-end/apache-tomcat-11.0.25/conf/logging.properties
03-Sep-2026 09:33:58.735 INFO [main] org.apache.catalina.startup.VersionLoggerListener.log Command line argument: -Djava.util.logging.manager=org.apache.juli.ClassLoaderLogManager
03-Sep-2026 09:33:58.735 INFO [main] org.apache.catalina.startup.VersionLoggerListener.log Command line argument: -Djdk.tls.ephemeralDHKeySize=2048
03-Sep-2026 09:33:58.735 INFO [main] org.apache.catalina.startup.VersionLoggerListener.log Command line argument: -Dorg.apache.catalina.security.SecurityListener.UMASK=0027
03-Sep-2026 09:33:58.735 INFO [main] org.apache.catalina.startup.VersionLoggerListener.log Command line argument: --add-opens=java.base/java.lang=ALL-UNNAMED
03-Sep-2026 09:33:58.735 INFO [main] org.apache.catalina.startup.VersionLoggerListener.log Command line argument: --add-opens=java.base/java.lang.reflect=ALL-UNNAMED
03-Sep-2026 09:33:58.735 INFO [main] org.apache.catalina.startup.VersionLoggerListener.log Command line argument: --add-opens=java.base/java.io=ALL-UNNAMED
03-Sep-2026 09:33:58.735 INFO [main] org.apache.catalina.startup.VersionLoggerListener.log Command line argument: --add-opens=java.base/java.util=ALL-UNNAMED
03-Sep-2026 09:33:58.735 INFO [main] org.apache.catalina.startup.VersionLoggerListener.log Command line argument: --add-opens=java.base/java.util.concurrent=ALL-UNNAMED
03-Sep-2026 09:33:58.735 INFO [main] org.apache.catalina.startup.VersionLoggerListener.log Command line argument: --add-opens=java.rmi/sun.rmi.transport=ALL-UNNAMED
03-Sep-2026 09:33:58.736 INFO [main] org.apache.catalina.startup.VersionLoggerListener.log Command line argument: --enable-native-access=ALL-UNNAMED
03-Sep-2026 09:33:58.736 INFO [main] org.apache.catalina.startup.VersionLoggerListener.log Command line argument: -Dcatalina.base=/home/infoetu/hugo.straseele.etu/s5/back-end/apache-tomcat-11.0.25
03-Sep-2026 09:33:58.736 INFO [main] org.apache.catalina.startup.VersionLoggerListener.log Command line argument: -Dcatalina.home=/home/infoetu/hugo.straseele.etu/s5/back-end/apache-tomcat-11.0.25
03-Sep-2026 09:33:58.736 INFO [main] org.apache.catalina.startup.VersionLoggerListener.log Command line argument: -Djava.io.tmpdir=/home/infoetu/hugo.straseele.etu/s5/back-end/apache-tomcat-11.0.25/temp
03-Sep-2026 09:33:58.737 INFO [main] org.apache.catalina.core.AprLifecycleListener.lifecycleEvent The Apache Tomcat Native library which allows using OpenSSL was not found on the java.library.path: [/usr/java/packages/lib:/usr/lib/x86_64-linux-gnu/jni:/lib/x86_64-linux-gnu:/usr/lib/x86_64-linux-gnu:/usr/lib/jni:/lib:/usr/lib]
03-Sep-2026 09:33:58.949 INFO [main] org.apache.coyote.AbstractProtocol.init Initializing ProtocolHandler ["http-nio-8080"]
03-Sep-2026 09:33:58.965 INFO [main] org.apache.catalina.startup.Catalina.load Server initialization in [349] milliseconds
03-Sep-2026 09:33:58.995 INFO [main] org.apache.catalina.core.StandardService.startInternal Starting service [Catalina]
03-Sep-2026 09:33:58.996 INFO [main] org.apache.catalina.core.StandardEngine.startInternal Starting Servlet engine: [Apache Tomcat/11.0.25]
03-Sep-2026 09:33:59.002 INFO [main] org.apache.catalina.startup.HostConfig.deployDirectory Deploying web application directory [/home/infoetu/hugo.straseele.etu/s5/back-end/apache-tomcat-11.0.25/webapps/ROOT]
03-Sep-2026 09:33:59.199 INFO [main] org.apache.catalina.startup.HostConfig.deployDirectory Deployment of web application directory [/home/infoetu/hugo.straseele.etu/s5/back-end/apache-tomcat-11.0.25/webapps/ROOT] has finished in [198] ms
03-Sep-2026 09:33:59.200 INFO [main] org.apache.catalina.startup.HostConfig.deployDirectory Deploying web application directory [/home/infoetu/hugo.straseele.etu/s5/back-end/apache-tomcat-11.0.25/webapps/tp501]
03-Sep-2026 09:33:59.235 WARNING [main] org.apache.jasper.servlet.TldScanner.scanJspConfig Failed to process TLD with path [/WEB-INF/jsp/jsp2-example-taglib.tld] and URI [http://tomcat.apache.org/jsp2-example-taglib]. The specified path does not exist.
03-Sep-2026 09:33:59.236 WARNING [main] org.apache.jasper.servlet.TldScanner.scanJspConfig Failed to process TLD with path [/WEB-INF/jsp/debug-taglib.tld] and URI [http://tomcat.apache.org/debug-taglib]. The specified path does not exist.
03-Sep-2026 09:33:59.237 WARNING [main] org.apache.jasper.servlet.TldScanner.scanJspConfig Failed to process TLD with path [/WEB-INF/jsp/example-taglib.tld] and URI [http://tomcat.apache.org/example-taglib]. The specified path does not exist.
03-Sep-2026 09:33:59.241 SEVERE [main] org.apache.catalina.core.StandardContext.startInternal One or more listeners failed to start. Full details will be found in the appropriate container log file
03-Sep-2026 09:33:59.242 SEVERE [main] org.apache.catalina.core.StandardContext.startInternal Context [/tp501] startup failed due to previous errors
03-Sep-2026 09:33:59.255 INFO [main] org.apache.catalina.startup.HostConfig.deployDirectory Deployment of web application directory [/home/infoetu/hugo.straseele.etu/s5/back-end/apache-tomcat-11.0.25/webapps/tp501] has finished in [55] ms
03-Sep-2026 09:33:59.255 INFO [main] org.apache.catalina.startup.HostConfig.deployDirectory Deploying web application directory [/home/infoetu/hugo.straseele.etu/s5/back-end/apache-tomcat-11.0.25/webapps/docs]
03-Sep-2026 09:33:59.274 INFO [main] org.apache.catalina.startup.HostConfig.deployDirectory Deployment of web application directory [/home/infoetu/hugo.straseele.etu/s5/back-end/apache-tomcat-11.0.25/webapps/docs] has finished in [19] ms
03-Sep-2026 09:33:59.274 INFO [main] org.apache.catalina.startup.HostConfig.deployDirectory Deploying web application directory [/home/infoetu/hugo.straseele.etu/s5/back-end/apache-tomcat-11.0.25/webapps/manager]
03-Sep-2026 09:33:59.299 INFO [main] org.apache.catalina.startup.HostConfig.deployDirectory Deployment of web application directory [/home/infoetu/hugo.straseele.etu/s5/back-end/apache-tomcat-11.0.25/webapps/manager] has finished in [25] ms
03-Sep-2026 09:33:59.299 INFO [main] org.apache.catalina.startup.HostConfig.deployDirectory Deploying web application directory [/home/infoetu/hugo.straseele.etu/s5/back-end/apache-tomcat-11.0.25/webapps/host-manager]
03-Sep-2026 09:33:59.316 INFO [main] org.apache.catalina.startup.HostConfig.deployDirectory Deployment of web application directory [/home/infoetu/hugo.straseele.etu/s5/back-end/apache-tomcat-11.0.25/webapps/host-manager] has finished in [17] ms
03-Sep-2026 09:33:59.317 INFO [main] org.apache.catalina.startup.HostConfig.deployDirectory Deploying web application directory [/home/infoetu/hugo.straseele.etu/s5/back-end/apache-tomcat-11.0.25/webapps/examples]
03-Sep-2026 09:33:59.332 INFO [main] org.apache.catalina.startup.HostConfig.deployDirectory Deployment of web application directory [/home/infoetu/hugo.straseele.etu/s5/back-end/apache-tomcat-11.0.25/webapps/examples] has finished in [15] ms
03-Sep-2026 09:33:59.335 INFO [main] org.apache.coyote.AbstractProtocol.start Starting ProtocolHandler ["http-nio-8080"]
03-Sep-2026 09:33:59.343 INFO [main] org.apache.catalina.startup.Catalina.start Server startup in [376] milliseconds
03-Sep-2026 09:35:01.259 INFO [Thread-1] org.apache.coyote.AbstractProtocol.pause Pausing ProtocolHandler ["http-nio-8080"]
03-Sep-2026 09:35:01.264 INFO [Thread-1] org.apache.catalina.core.StandardService.stopInternal Stopping service [Catalina]
03-Sep-2026 09:35:01.276 INFO [Thread-1] org.apache.coyote.AbstractProtocol.stop Stopping ProtocolHandler ["http-nio-8080"]
03-Sep-2026 09:35:01.288 INFO [Thread-1] org.apache.coyote.AbstractProtocol.destroy Destroying ProtocolHandler ["http-nio-8080"]
03-Sep-2026 09:35:20.376 INFO [main] org.apache.catalina.startup.VersionLoggerListener.log Server version name:   Apache Tomcat/11.0.25
03-Sep-2026 09:35:20.379 INFO [main] org.apache.catalina.startup.VersionLoggerListener.log Server built:          Aug 12 2026 12:46:04 UTC
03-Sep-2026 09:35:20.379 INFO [main] org.apache.catalina.startup.VersionLoggerListener.log Server version number: 11.0.25.0
03-Sep-2026 09:35:20.379 INFO [main] org.apache.catalina.startup.VersionLoggerListener.log OS Name:               Linux
03-Sep-2026 09:35:20.379 INFO [main] org.apache.catalina.startup.VersionLoggerListener.log OS Version:            6.12.107+deb13-amd64
03-Sep-2026 09:35:20.380 INFO [main] org.apache.catalina.startup.VersionLoggerListener.log Architecture:          amd64
03-Sep-2026 09:35:20.380 INFO [main] org.apache.catalina.startup.VersionLoggerListener.log Java Home:             /usr/lib/jvm/java-21-openjdk-amd64
03-Sep-2026 09:35:20.380 INFO [main] org.apache.catalina.startup.VersionLoggerListener.log JVM Version:           21.0.12.1+1-1-deb13u1-Debian
03-Sep-2026 09:35:20.380 INFO [main] org.apache.catalina.startup.VersionLoggerListener.log JVM Vendor:            Debian
03-Sep-2026 09:35:20.380 INFO [main] org.apache.catalina.startup.VersionLoggerListener.log CATALINA_BASE:         /home/infoetu/hugo.straseele.etu/s5/back-end/apache-tomcat-11.0.25
03-Sep-2026 09:35:20.380 INFO [main] org.apache.catalina.startup.VersionLoggerListener.log CATALINA_HOME:         /home/infoetu/hugo.straseele.etu/s5/back-end/apache-tomcat-11.0.25
03-Sep-2026 09:35:20.387 INFO [main] org.apache.catalina.startup.VersionLoggerListener.log Command line argument: -Djava.util.logging.config.file=/home/infoetu/hugo.straseele.etu/s5/back-end/apache-tomcat-11.0.25/conf/logging.properties
03-Sep-2026 09:35:20.387 INFO [main] org.apache.catalina.startup.VersionLoggerListener.log Command line argument: -Djava.util.logging.manager=org.apache.juli.ClassLoaderLogManager
03-Sep-2026 09:35:20.387 INFO [main] org.apache.catalina.startup.VersionLoggerListener.log Command line argument: -Djdk.tls.ephemeralDHKeySize=2048
03-Sep-2026 09:35:20.387 INFO [main] org.apache.catalina.startup.VersionLoggerListener.log Command line argument: -Dorg.apache.catalina.security.SecurityListener.UMASK=0027
03-Sep-2026 09:35:20.387 INFO [main] org.apache.catalina.startup.VersionLoggerListener.log Command line argument: --add-opens=java.base/java.lang=ALL-UNNAMED
03-Sep-2026 09:35:20.387 INFO [main] org.apache.catalina.startup.VersionLoggerListener.log Command line argument: --add-opens=java.base/java.lang.reflect=ALL-UNNAMED
03-Sep-2026 09:35:20.387 INFO [main] org.apache.catalina.startup.VersionLoggerListener.log Command line argument: --add-opens=java.base/java.io=ALL-UNNAMED
03-Sep-2026 09:35:20.387 INFO [main] org.apache.catalina.startup.VersionLoggerListener.log Command line argument: --add-opens=java.base/java.util=ALL-UNNAMED
03-Sep-2026 09:35:20.387 INFO [main] org.apache.catalina.startup.VersionLoggerListener.log Command line argument: --add-opens=java.base/java.util.concurrent=ALL-UNNAMED
03-Sep-2026 09:35:20.387 INFO [main] org.apache.catalina.startup.VersionLoggerListener.log Command line argument: --add-opens=java.rmi/sun.rmi.transport=ALL-UNNAMED
03-Sep-2026 09:35:20.388 INFO [main] org.apache.catalina.startup.VersionLoggerListener.log Command line argument: --enable-native-access=ALL-UNNAMED
03-Sep-2026 09:35:20.388 INFO [main] org.apache.catalina.startup.VersionLoggerListener.log Command line argument: -Dcatalina.base=/home/infoetu/hugo.straseele.etu/s5/back-end/apache-tomcat-11.0.25
03-Sep-2026 09:35:20.388 INFO [main] org.apache.catalina.startup.VersionLoggerListener.log Command line argument: -Dcatalina.home=/home/infoetu/hugo.straseele.etu/s5/back-end/apache-tomcat-11.0.25
03-Sep-2026 09:35:20.388 INFO [main] org.apache.catalina.startup.VersionLoggerListener.log Command line argument: -Djava.io.tmpdir=/home/infoetu/hugo.straseele.etu/s5/back-end/apache-tomcat-11.0.25/temp
03-Sep-2026 09:35:20.389 INFO [main] org.apache.catalina.core.AprLifecycleListener.lifecycleEvent The Apache Tomcat Native library which allows using OpenSSL was not found on the java.library.path: [/usr/java/packages/lib:/usr/lib/x86_64-linux-gnu/jni:/lib/x86_64-linux-gnu:/usr/lib/x86_64-linux-gnu:/usr/lib/jni:/lib:/usr/lib]
03-Sep-2026 09:35:20.588 INFO [main] org.apache.coyote.AbstractProtocol.init Initializing ProtocolHandler ["http-nio-8080"]
03-Sep-2026 09:35:20.605 INFO [main] org.apache.catalina.startup.Catalina.load Server initialization in [338] milliseconds
03-Sep-2026 09:35:20.638 INFO [main] org.apache.catalina.core.StandardService.startInternal Starting service [Catalina]
03-Sep-2026 09:35:20.638 INFO [main] org.apache.catalina.core.StandardEngine.startInternal Starting Servlet engine: [Apache Tomcat/11.0.25]
03-Sep-2026 09:35:20.646 INFO [main] org.apache.catalina.startup.HostConfig.deployDirectory Deploying web application directory [/home/infoetu/hugo.straseele.etu/s5/back-end/apache-tomcat-11.0.25/webapps/ROOT]
03-Sep-2026 09:35:20.862 INFO [main] org.apache.catalina.startup.HostConfig.deployDirectory Deployment of web application directory [/home/infoetu/hugo.straseele.etu/s5/back-end/apache-tomcat-11.0.25/webapps/ROOT] has finished in [216] ms
03-Sep-2026 09:35:20.862 INFO [main] org.apache.catalina.startup.HostConfig.deployDirectory Deploying web application directory [/home/infoetu/hugo.straseele.etu/s5/back-end/apache-tomcat-11.0.25/webapps/tp501]
03-Sep-2026 09:35:20.895 WARNING [main] org.apache.jasper.servlet.TldScanner.scanJspConfig Failed to process TLD with path [/WEB-INF/jsp/jsp2-example-taglib.tld] and URI [http://tomcat.apache.org/jsp2-example-taglib]. The specified path does not exist.
03-Sep-2026 09:35:20.895 WARNING [main] org.apache.jasper.servlet.TldScanner.scanJspConfig Failed to process TLD with path [/WEB-INF/jsp/debug-taglib.tld] and URI [http://tomcat.apache.org/debug-taglib]. The specified path does not exist.
03-Sep-2026 09:35:20.895 WARNING [main] org.apache.jasper.servlet.TldScanner.scanJspConfig Failed to process TLD with path [/WEB-INF/jsp/example-taglib.tld] and URI [http://tomcat.apache.org/example-taglib]. The specified path does not exist.
03-Sep-2026 09:35:20.908 SEVERE [main] org.apache.catalina.core.StandardContext.startInternal One or more listeners failed to start. Full details will be found in the appropriate container log file
03-Sep-2026 09:35:20.908 SEVERE [main] org.apache.catalina.core.StandardContext.startInternal Context [/tp501] startup failed due to previous errors
03-Sep-2026 09:35:20.915 INFO [main] org.apache.catalina.startup.HostConfig.deployDirectory Deployment of web application directory [/home/infoetu/hugo.straseele.etu/s5/back-end/apache-tomcat-11.0.25/webapps/tp501] has finished in [53] ms
03-Sep-2026 09:35:20.915 INFO [main] org.apache.catalina.startup.HostConfig.deployDirectory Deploying web application directory [/home/infoetu/hugo.straseele.etu/s5/back-end/apache-tomcat-11.0.25/webapps/docs]
03-Sep-2026 09:35:20.932 INFO [main] org.apache.catalina.startup.HostConfig.deployDirectory Deployment of web application directory [/home/infoetu/hugo.straseele.etu/s5/back-end/apache-tomcat-11.0.25/webapps/docs] has finished in [17] ms
03-Sep-2026 09:35:20.932 INFO [main] org.apache.catalina.startup.HostConfig.deployDirectory Deploying web application directory [/home/infoetu/hugo.straseele.etu/s5/back-end/apache-tomcat-11.0.25/webapps/manager]
03-Sep-2026 09:35:20.959 INFO [main] org.apache.catalina.startup.HostConfig.deployDirectory Deployment of web application directory [/home/infoetu/hugo.straseele.etu/s5/back-end/apache-tomcat-11.0.25/webapps/manager] has finished in [27] ms
03-Sep-2026 09:35:20.959 INFO [main] org.apache.catalina.startup.HostConfig.deployDirectory Deploying web application directory [/home/infoetu/hugo.straseele.etu/s5/back-end/apache-tomcat-11.0.25/webapps/host-manager]
03-Sep-2026 09:35:20.977 INFO [main] org.apache.catalina.startup.HostConfig.deployDirectory Deployment of web application directory [/home/infoetu/hugo.straseele.etu/s5/back-end/apache-tomcat-11.0.25/webapps/host-manager] has finished in [17] ms
03-Sep-2026 09:35:20.977 INFO [main] org.apache.catalina.startup.HostConfig.deployDirectory Deploying web application directory [/home/infoetu/hugo.straseele.etu/s5/back-end/apache-tomcat-11.0.25/webapps/examples]
03-Sep-2026 09:35:20.991 INFO [main] org.apache.catalina.startup.HostConfig.deployDirectory Deployment of web application directory [/home/infoetu/hugo.straseele.etu/s5/back-end/apache-tomcat-11.0.25/webapps/examples] has finished in [14] ms
03-Sep-2026 09:35:20.995 INFO [main] org.apache.coyote.AbstractProtocol.start Starting ProtocolHandler ["http-nio-8080"]
03-Sep-2026 09:35:21.004 INFO [main] org.apache.catalina.startup.Catalina.start Server startup in [397] milliseconds
03-Sep-2026 09:40:01.119 INFO [Catalina-utility-1] org.apache.catalina.startup.HostConfig.reload Reloading context [/tp501]
03-Sep-2026 09:40:11.147 INFO [Catalina-utility-1] org.apache.catalina.startup.HostConfig.reload Reloading context [/tp501]
03-Sep-2026 09:40:11.148 INFO [Catalina-utility-1] org.apache.catalina.core.StandardContext.reload Reloading Context with name [/tp501] has started
03-Sep-2026 09:40:11.162 INFO [Catalina-utility-1] org.apache.catalina.core.StandardContext.reload Reloading Context with name [/tp501] is completed
03-Sep-2026 09:48:57.015 INFO [Thread-1] org.apache.coyote.AbstractProtocol.pause Pausing ProtocolHandler ["http-nio-8080"]
03-Sep-2026 09:48:57.019 INFO [Thread-1] org.apache.catalina.core.StandardService.stopInternal Stopping service [Catalina]
03-Sep-2026 09:48:57.034 INFO [Thread-1] org.apache.coyote.AbstractProtocol.stop Stopping ProtocolHandler ["http-nio-8080"]
03-Sep-2026 09:48:57.043 INFO [Thread-1] org.apache.coyote.AbstractProtocol.destroy Destroying ProtocolHandler ["http-nio-8080"]
03-Sep-2026 09:48:58.647 INFO [main] org.apache.catalina.startup.VersionLoggerListener.log Server version name:   Apache Tomcat/11.0.25
03-Sep-2026 09:48:58.650 INFO [main] org.apache.catalina.startup.VersionLoggerListener.log Server built:          Aug 12 2026 12:46:04 UTC
03-Sep-2026 09:48:58.650 INFO [main] org.apache.catalina.startup.VersionLoggerListener.log Server version number: 11.0.25.0
03-Sep-2026 09:48:58.650 INFO [main] org.apache.catalina.startup.VersionLoggerListener.log OS Name:               Linux
03-Sep-2026 09:48:58.650 INFO [main] org.apache.catalina.startup.VersionLoggerListener.log OS Version:            6.12.107+deb13-amd64
03-Sep-2026 09:48:58.651 INFO [main] org.apache.catalina.startup.VersionLoggerListener.log Architecture:          amd64
03-Sep-2026 09:48:58.651 INFO [main] org.apache.catalina.startup.VersionLoggerListener.log Java Home:             /usr/lib/jvm/java-21-openjdk-amd64
03-Sep-2026 09:48:58.651 INFO [main] org.apache.catalina.startup.VersionLoggerListener.log JVM Version:           21.0.12.1+1-1-deb13u1-Debian
03-Sep-2026 09:48:58.651 INFO [main] org.apache.catalina.startup.VersionLoggerListener.log JVM Vendor:            Debian
03-Sep-2026 09:48:58.651 INFO [main] org.apache.catalina.startup.VersionLoggerListener.log CATALINA_BASE:         /home/infoetu/hugo.straseele.etu/s5/back-end/apache-tomcat-11.0.25
03-Sep-2026 09:48:58.651 INFO [main] org.apache.catalina.startup.VersionLoggerListener.log CATALINA_HOME:         /home/infoetu/hugo.straseele.etu/s5/back-end/apache-tomcat-11.0.25
03-Sep-2026 09:48:58.658 INFO [main] org.apache.catalina.startup.VersionLoggerListener.log Command line argument: -Djava.util.logging.config.file=/home/infoetu/hugo.straseele.etu/s5/back-end/apache-tomcat-11.0.25/conf/logging.properties
03-Sep-2026 09:48:58.658 INFO [main] org.apache.catalina.startup.VersionLoggerListener.log Command line argument: -Djava.util.logging.manager=org.apache.juli.ClassLoaderLogManager
03-Sep-2026 09:48:58.658 INFO [main] org.apache.catalina.startup.VersionLoggerListener.log Command line argument: -Djdk.tls.ephemeralDHKeySize=2048
03-Sep-2026 09:48:58.658 INFO [main] org.apache.catalina.startup.VersionLoggerListener.log Command line argument: -Dorg.apache.catalina.security.SecurityListener.UMASK=0027
03-Sep-2026 09:48:58.658 INFO [main] org.apache.catalina.startup.VersionLoggerListener.log Command line argument: --add-opens=java.base/java.lang=ALL-UNNAMED
03-Sep-2026 09:48:58.659 INFO [main] org.apache.catalina.startup.VersionLoggerListener.log Command line argument: --add-opens=java.base/java.lang.reflect=ALL-UNNAMED
03-Sep-2026 09:48:58.659 INFO [main] org.apache.catalina.startup.VersionLoggerListener.log Command line argument: --add-opens=java.base/java.io=ALL-UNNAMED
03-Sep-2026 09:48:58.659 INFO [main] org.apache.catalina.startup.VersionLoggerListener.log Command line argument: --add-opens=java.base/java.util=ALL-UNNAMED
03-Sep-2026 09:48:58.659 INFO [main] org.apache.catalina.startup.VersionLoggerListener.log Command line argument: --add-opens=java.base/java.util.concurrent=ALL-UNNAMED
03-Sep-2026 09:48:58.659 INFO [main] org.apache.catalina.startup.VersionLoggerListener.log Command line argument: --add-opens=java.rmi/sun.rmi.transport=ALL-UNNAMED
03-Sep-2026 09:48:58.659 INFO [main] org.apache.catalina.startup.VersionLoggerListener.log Command line argument: --enable-native-access=ALL-UNNAMED
03-Sep-2026 09:48:58.659 INFO [main] org.apache.catalina.startup.VersionLoggerListener.log Command line argument: -Dcatalina.base=/home/infoetu/hugo.straseele.etu/s5/back-end/apache-tomcat-11.0.25
03-Sep-2026 09:48:58.659 INFO [main] org.apache.catalina.startup.VersionLoggerListener.log Command line argument: -Dcatalina.home=/home/infoetu/hugo.straseele.etu/s5/back-end/apache-tomcat-11.0.25
03-Sep-2026 09:48:58.659 INFO [main] org.apache.catalina.startup.VersionLoggerListener.log Command line argument: -Djava.io.tmpdir=/home/infoetu/hugo.straseele.etu/s5/back-end/apache-tomcat-11.0.25/temp
03-Sep-2026 09:48:58.661 INFO [main] org.apache.catalina.core.AprLifecycleListener.lifecycleEvent The Apache Tomcat Native library which allows using OpenSSL was not found on the java.library.path: [/usr/java/packages/lib:/usr/lib/x86_64-linux-gnu/jni:/lib/x86_64-linux-gnu:/usr/lib/x86_64-linux-gnu:/usr/lib/jni:/lib:/usr/lib]
03-Sep-2026 09:48:58.849 INFO [main] org.apache.coyote.AbstractProtocol.init Initializing ProtocolHandler ["http-nio-8080"]
03-Sep-2026 09:48:58.863 INFO [main] org.apache.catalina.startup.Catalina.load Server initialization in [328] milliseconds
03-Sep-2026 09:48:58.896 INFO [main] org.apache.catalina.core.StandardService.startInternal Starting service [Catalina]
03-Sep-2026 09:48:58.896 INFO [main] org.apache.catalina.core.StandardEngine.startInternal Starting Servlet engine: [Apache Tomcat/11.0.25]
03-Sep-2026 09:48:58.902 INFO [main] org.apache.catalina.startup.HostConfig.deployDirectory Deploying web application directory [/home/infoetu/hugo.straseele.etu/s5/back-end/apache-tomcat-11.0.25/webapps/ROOT]
03-Sep-2026 09:48:59.089 INFO [main] org.apache.catalina.startup.HostConfig.deployDirectory Deployment of web application directory [/home/infoetu/hugo.straseele.etu/s5/back-end/apache-tomcat-11.0.25/webapps/ROOT] has finished in [186] ms
03-Sep-2026 09:48:59.089 INFO [main] org.apache.catalina.startup.HostConfig.deployDirectory Deploying web application directory [/home/infoetu/hugo.straseele.etu/s5/back-end/apache-tomcat-11.0.25/webapps/tp501]
03-Sep-2026 09:48:59.123 INFO [main] org.apache.catalina.startup.HostConfig.deployDirectory Deployment of web application directory [/home/infoetu/hugo.straseele.etu/s5/back-end/apache-tomcat-11.0.25/webapps/tp501] has finished in [34] ms
03-Sep-2026 09:48:59.123 INFO [main] org.apache.catalina.startup.HostConfig.deployDirectory Deploying web application directory [/home/infoetu/hugo.straseele.etu/s5/back-end/apache-tomcat-11.0.25/webapps/docs]
03-Sep-2026 09:48:59.150 INFO [main] org.apache.catalina.startup.HostConfig.deployDirectory Deployment of web application directory [/home/infoetu/hugo.straseele.etu/s5/back-end/apache-tomcat-11.0.25/webapps/docs] has finished in [27] ms
03-Sep-2026 09:48:59.151 INFO [main] org.apache.catalina.startup.HostConfig.deployDirectory Deploying web application directory [/home/infoetu/hugo.straseele.etu/s5/back-end/apache-tomcat-11.0.25/webapps/manager]
03-Sep-2026 09:48:59.179 INFO [main] org.apache.catalina.startup.HostConfig.deployDirectory Deployment of web application directory [/home/infoetu/hugo.straseele.etu/s5/back-end/apache-tomcat-11.0.25/webapps/manager] has finished in [29] ms
03-Sep-2026 09:48:59.180 INFO [main] org.apache.catalina.startup.HostConfig.deployDirectory Deploying web application directory [/home/infoetu/hugo.straseele.etu/s5/back-end/apache-tomcat-11.0.25/webapps/host-manager]
03-Sep-2026 09:48:59.198 INFO [main] org.apache.catalina.startup.HostConfig.deployDirectory Deployment of web application directory [/home/infoetu/hugo.straseele.etu/s5/back-end/apache-tomcat-11.0.25/webapps/host-manager] has finished in [18] ms
03-Sep-2026 09:48:59.198 INFO [main] org.apache.catalina.startup.HostConfig.deployDirectory Deploying web application directory [/home/infoetu/hugo.straseele.etu/s5/back-end/apache-tomcat-11.0.25/webapps/examples]
03-Sep-2026 09:48:59.214 INFO [main] org.apache.catalina.startup.HostConfig.deployDirectory Deployment of web application directory [/home/infoetu/hugo.straseele.etu/s5/back-end/apache-tomcat-11.0.25/webapps/examples] has finished in [15] ms
03-Sep-2026 09:48:59.216 INFO [main] org.apache.coyote.AbstractProtocol.start Starting ProtocolHandler ["http-nio-8080"]
03-Sep-2026 09:48:59.224 INFO [main] org.apache.catalina.startup.Catalina.start Server startup in [359] milliseconds
03-Sep-2026 09:50:29.260 INFO [Catalina-utility-1] org.apache.catalina.startup.HostConfig.undeploy Undeploying context [/tp501]
03-Sep-2026 09:50:29.291 INFO [Catalina-utility-1] org.apache.catalina.startup.HostConfig.deployDirectory Deploying web application directory [/home/infoetu/hugo.straseele.etu/s5/back-end/apache-tomcat-11.0.25/webapps/tp501]
03-Sep-2026 09:50:29.327 INFO [Catalina-utility-1] org.apache.catalina.startup.HostConfig.deployDirectory Deployment of web application directory [/home/infoetu/hugo.straseele.etu/s5/back-end/apache-tomcat-11.0.25/webapps/tp501] has finished in [36] ms
03-Sep-2026 10:49:52.703 INFO [Thread-1] org.apache.coyote.AbstractProtocol.pause Pausing ProtocolHandler ["http-nio-8080"]
03-Sep-2026 10:49:52.706 INFO [Thread-1] org.apache.catalina.core.StandardService.stopInternal Stopping service [Catalina]
03-Sep-2026 10:49:52.722 INFO [Thread-1] org.apache.coyote.AbstractProtocol.stop Stopping ProtocolHandler ["http-nio-8080"]
03-Sep-2026 10:49:52.730 INFO [Thread-1] org.apache.coyote.AbstractProtocol.destroy Destroying ProtocolHandler ["http-nio-8080"]
03-Sep-2026 10:56:21.179 INFO [main] org.apache.catalina.startup.VersionLoggerListener.log Server version name:   Apache Tomcat/11.0.25
03-Sep-2026 10:56:21.182 INFO [main] org.apache.catalina.startup.VersionLoggerListener.log Server built:          Aug 12 2026 12:46:04 UTC
03-Sep-2026 10:56:21.182 INFO [main] org.apache.catalina.startup.VersionLoggerListener.log Server version number: 11.0.25.0
03-Sep-2026 10:56:21.182 INFO [main] org.apache.catalina.startup.VersionLoggerListener.log OS Name:               Linux
03-Sep-2026 10:56:21.183 INFO [main] org.apache.catalina.startup.VersionLoggerListener.log OS Version:            6.12.107+deb13-amd64
03-Sep-2026 10:56:21.183 INFO [main] org.apache.catalina.startup.VersionLoggerListener.log Architecture:          amd64
03-Sep-2026 10:56:21.183 INFO [main] org.apache.catalina.startup.VersionLoggerListener.log Java Home:             /usr/lib/jvm/java-21-openjdk-amd64
03-Sep-2026 10:56:21.183 INFO [main] org.apache.catalina.startup.VersionLoggerListener.log JVM Version:           21.0.12.1+1-1-deb13u1-Debian
03-Sep-2026 10:56:21.183 INFO [main] org.apache.catalina.startup.VersionLoggerListener.log JVM Vendor:            Debian
03-Sep-2026 10:56:21.183 INFO [main] org.apache.catalina.startup.VersionLoggerListener.log CATALINA_BASE:         /home/infoetu/hugo.straseele.etu/s5/back-end/apache-tomcat-11.0.25
03-Sep-2026 10:56:21.183 INFO [main] org.apache.catalina.startup.VersionLoggerListener.log CATALINA_HOME:         /home/infoetu/hugo.straseele.etu/s5/back-end/apache-tomcat-11.0.25
03-Sep-2026 10:56:21.190 INFO [main] org.apache.catalina.startup.VersionLoggerListener.log Command line argument: -Djava.util.logging.config.file=/home/infoetu/hugo.straseele.etu/s5/back-end/apache-tomcat-11.0.25/conf/logging.properties
03-Sep-2026 10:56:21.191 INFO [main] org.apache.catalina.startup.VersionLoggerListener.log Command line argument: -Djava.util.logging.manager=org.apache.juli.ClassLoaderLogManager
03-Sep-2026 10:56:21.191 INFO [main] org.apache.catalina.startup.VersionLoggerListener.log Command line argument: -Djdk.tls.ephemeralDHKeySize=2048
03-Sep-2026 10:56:21.191 INFO [main] org.apache.catalina.startup.VersionLoggerListener.log Command line argument: -Dorg.apache.catalina.security.SecurityListener.UMASK=0027
03-Sep-2026 10:56:21.191 INFO [main] org.apache.catalina.startup.VersionLoggerListener.log Command line argument: --add-opens=java.base/java.lang=ALL-UNNAMED
03-Sep-2026 10:56:21.191 INFO [main] org.apache.catalina.startup.VersionLoggerListener.log Command line argument: --add-opens=java.base/java.lang.reflect=ALL-UNNAMED
03-Sep-2026 10:56:21.191 INFO [main] org.apache.catalina.startup.VersionLoggerListener.log Command line argument: --add-opens=java.base/java.io=ALL-UNNAMED
03-Sep-2026 10:56:21.191 INFO [main] org.apache.catalina.startup.VersionLoggerListener.log Command line argument: --add-opens=java.base/java.util=ALL-UNNAMED
03-Sep-2026 10:56:21.191 INFO [main] org.apache.catalina.startup.VersionLoggerListener.log Command line argument: --add-opens=java.base/java.util.concurrent=ALL-UNNAMED
03-Sep-2026 10:56:21.191 INFO [main] org.apache.catalina.startup.VersionLoggerListener.log Command line argument: --add-opens=java.rmi/sun.rmi.transport=ALL-UNNAMED
03-Sep-2026 10:56:21.191 INFO [main] org.apache.catalina.startup.VersionLoggerListener.log Command line argument: --enable-native-access=ALL-UNNAMED
03-Sep-2026 10:56:21.192 INFO [main] org.apache.catalina.startup.VersionLoggerListener.log Command line argument: -Dcatalina.base=/home/infoetu/hugo.straseele.etu/s5/back-end/apache-tomcat-11.0.25
03-Sep-2026 10:56:21.192 INFO [main] org.apache.catalina.startup.VersionLoggerListener.log Command line argument: -Dcatalina.home=/home/infoetu/hugo.straseele.etu/s5/back-end/apache-tomcat-11.0.25
03-Sep-2026 10:56:21.192 INFO [main] org.apache.catalina.startup.VersionLoggerListener.log Command line argument: -Djava.io.tmpdir=/home/infoetu/hugo.straseele.etu/s5/back-end/apache-tomcat-11.0.25/temp
03-Sep-2026 10:56:21.193 INFO [main] org.apache.catalina.core.AprLifecycleListener.lifecycleEvent The Apache Tomcat Native library which allows using OpenSSL was not found on the java.library.path: [/usr/java/packages/lib:/usr/lib/x86_64-linux-gnu/jni:/lib/x86_64-linux-gnu:/usr/lib/x86_64-linux-gnu:/usr/lib/jni:/lib:/usr/lib]
03-Sep-2026 10:56:21.388 INFO [main] org.apache.coyote.AbstractProtocol.init Initializing ProtocolHandler ["http-nio-8080"]
03-Sep-2026 10:56:21.402 INFO [main] org.apache.catalina.startup.Catalina.load Server initialization in [338] milliseconds
03-Sep-2026 10:56:21.434 INFO [main] org.apache.catalina.core.StandardService.startInternal Starting service [Catalina]
03-Sep-2026 10:56:21.434 INFO [main] org.apache.catalina.core.StandardEngine.startInternal Starting Servlet engine: [Apache Tomcat/11.0.25]
03-Sep-2026 10:56:21.441 INFO [main] org.apache.catalina.startup.HostConfig.deployDirectory Deploying web application directory [/home/infoetu/hugo.straseele.etu/s5/back-end/apache-tomcat-11.0.25/webapps/ROOT]
03-Sep-2026 10:56:21.704 INFO [main] org.apache.jasper.servlet.TldScanner.scanJars At least one JAR was scanned for TLDs yet contained no TLDs. Enable debug logging for this logger for a complete list of JARs that were scanned but no TLDs were found in them. Skipping unneeded JARs during scanning can improve startup time and JSP compilation time.
03-Sep-2026 10:56:21.723 INFO [main] org.apache.catalina.startup.HostConfig.deployDirectory Deployment of web application directory [/home/infoetu/hugo.straseele.etu/s5/back-end/apache-tomcat-11.0.25/webapps/ROOT] has finished in [283] ms
03-Sep-2026 10:56:21.723 INFO [main] org.apache.catalina.startup.HostConfig.deployDirectory Deploying web application directory [/home/infoetu/hugo.straseele.etu/s5/back-end/apache-tomcat-11.0.25/webapps/tp501]
03-Sep-2026 10:56:21.813 INFO [main] org.apache.jasper.servlet.TldScanner.scanJars At least one JAR was scanned for TLDs yet contained no TLDs. Enable debug logging for this logger for a complete list of JARs that were scanned but no TLDs were found in them. Skipping unneeded JARs during scanning can improve startup time and JSP compilation time.
03-Sep-2026 10:56:21.815 INFO [main] org.apache.catalina.startup.HostConfig.deployDirectory Deployment of web application directory [/home/infoetu/hugo.straseele.etu/s5/back-end/apache-tomcat-11.0.25/webapps/tp501] has finished in [92] ms
03-Sep-2026 10:56:21.815 INFO [main] org.apache.catalina.startup.HostConfig.deployDirectory Deploying web application directory [/home/infoetu/hugo.straseele.etu/s5/back-end/apache-tomcat-11.0.25/webapps/docs]
03-Sep-2026 10:56:21.896 INFO [main] org.apache.jasper.servlet.TldScanner.scanJars At least one JAR was scanned for TLDs yet contained no TLDs. Enable debug logging for this logger for a complete list of JARs that were scanned but no TLDs were found in them. Skipping unneeded JARs during scanning can improve startup time and JSP compilation time.
03-Sep-2026 10:56:21.897 INFO [main] org.apache.catalina.startup.HostConfig.deployDirectory Deployment of web application directory [/home/infoetu/hugo.straseele.etu/s5/back-end/apache-tomcat-11.0.25/webapps/docs] has finished in [82] ms
03-Sep-2026 10:56:21.897 INFO [main] org.apache.catalina.startup.HostConfig.deployDirectory Deploying web application directory [/home/infoetu/hugo.straseele.etu/s5/back-end/apache-tomcat-11.0.25/webapps/manager]
03-Sep-2026 10:56:21.975 INFO [main] org.apache.jasper.servlet.TldScanner.scanJars At least one JAR was scanned for TLDs yet contained no TLDs. Enable debug logging for this logger for a complete list of JARs that were scanned but no TLDs were found in them. Skipping unneeded JARs during scanning can improve startup time and JSP compilation time.
03-Sep-2026 10:56:21.979 INFO [main] org.apache.catalina.startup.HostConfig.deployDirectory Deployment of web application directory [/home/infoetu/hugo.straseele.etu/s5/back-end/apache-tomcat-11.0.25/webapps/manager] has finished in [81] ms
03-Sep-2026 10:56:21.979 INFO [main] org.apache.catalina.startup.HostConfig.deployDirectory Deploying web application directory [/home/infoetu/hugo.straseele.etu/s5/back-end/apache-tomcat-11.0.25/webapps/host-manager]
03-Sep-2026 10:56:22.038 INFO [main] org.apache.jasper.servlet.TldScanner.scanJars At least one JAR was scanned for TLDs yet contained no TLDs. Enable debug logging for this logger for a complete list of JARs that were scanned but no TLDs were found in them. Skipping unneeded JARs during scanning can improve startup time and JSP compilation time.
03-Sep-2026 10:56:22.040 INFO [main] org.apache.catalina.startup.HostConfig.deployDirectory Deployment of web application directory [/home/infoetu/hugo.straseele.etu/s5/back-end/apache-tomcat-11.0.25/webapps/host-manager] has finished in [61] ms
03-Sep-2026 10:56:22.040 INFO [main] org.apache.catalina.startup.HostConfig.deployDirectory Deploying web application directory [/home/infoetu/hugo.straseele.etu/s5/back-end/apache-tomcat-11.0.25/webapps/examples]
03-Sep-2026 10:56:22.110 INFO [main] org.apache.jasper.servlet.TldScanner.scanJars At least one JAR was scanned for TLDs yet contained no TLDs. Enable debug logging for this logger for a complete list of JARs that were scanned but no TLDs were found in them. Skipping unneeded JARs during scanning can improve startup time and JSP compilation time.
03-Sep-2026 10:56:22.113 INFO [main] org.apache.catalina.startup.HostConfig.deployDirectory Deployment of web application directory [/home/infoetu/hugo.straseele.etu/s5/back-end/apache-tomcat-11.0.25/webapps/examples] has finished in [73] ms
03-Sep-2026 10:56:22.116 INFO [main] org.apache.coyote.AbstractProtocol.start Starting ProtocolHandler ["http-nio-8080"]
03-Sep-2026 10:56:22.121 INFO [main] org.apache.catalina.startup.Catalina.start Server startup in [717] milliseconds
03-Sep-2026 11:34:13.330 INFO [Catalina-utility-2] org.apache.catalina.core.StandardContext.reload Reloading Context with name [/tp501] has started
03-Sep-2026 11:34:13.403 INFO [Catalina-utility-2] org.apache.jasper.servlet.TldScanner.scanJars At least one JAR was scanned for TLDs yet contained no TLDs. Enable debug logging for this logger for a complete list of JARs that were scanned but no TLDs were found in them. Skipping unneeded JARs during scanning can improve startup time and JSP compilation time.
03-Sep-2026 11:34:13.405 INFO [Catalina-utility-2] org.apache.catalina.core.StandardContext.reload Reloading Context with name [/tp501] is completed
03-Sep-2026 11:41:19.852 INFO [Thread-1] org.apache.coyote.AbstractProtocol.pause Pausing ProtocolHandler ["http-nio-8080"]
03-Sep-2026 11:41:19.855 INFO [Thread-1] org.apache.catalina.core.StandardService.stopInternal Stopping service [Catalina]
03-Sep-2026 11:41:19.916 INFO [Thread-1] org.apache.coyote.AbstractProtocol.stop Stopping ProtocolHandler ["http-nio-8080"]
03-Sep-2026 11:41:19.928 INFO [Thread-1] org.apache.coyote.AbstractProtocol.destroy Destroying ProtocolHandler ["http-nio-8080"]
03-Sep-2026 11:59:16.881 INFO [main] org.apache.catalina.startup.VersionLoggerListener.log Server version name:   Apache Tomcat/11.0.25
03-Sep-2026 11:59:16.884 INFO [main] org.apache.catalina.startup.VersionLoggerListener.log Server built:          Aug 12 2026 12:46:04 UTC
03-Sep-2026 11:59:16.885 INFO [main] org.apache.catalina.startup.VersionLoggerListener.log Server version number: 11.0.25.0
03-Sep-2026 11:59:16.885 INFO [main] org.apache.catalina.startup.VersionLoggerListener.log OS Name:               Linux
03-Sep-2026 11:59:16.885 INFO [main] org.apache.catalina.startup.VersionLoggerListener.log OS Version:            6.12.107+deb13-amd64
03-Sep-2026 11:59:16.885 INFO [main] org.apache.catalina.startup.VersionLoggerListener.log Architecture:          amd64
03-Sep-2026 11:59:16.885 INFO [main] org.apache.catalina.startup.VersionLoggerListener.log Java Home:             /usr/lib/jvm/java-21-openjdk-amd64
03-Sep-2026 11:59:16.885 INFO [main] org.apache.catalina.startup.VersionLoggerListener.log JVM Version:           21.0.12.1+1-1-deb13u1-Debian
03-Sep-2026 11:59:16.885 INFO [main] org.apache.catalina.startup.VersionLoggerListener.log JVM Vendor:            Debian
03-Sep-2026 11:59:16.885 INFO [main] org.apache.catalina.startup.VersionLoggerListener.log CATALINA_BASE:         /home/infoetu/hugo.straseele.etu/s5/back-end/apache-tomcat-11.0.25
03-Sep-2026 11:59:16.885 INFO [main] org.apache.catalina.startup.VersionLoggerListener.log CATALINA_HOME:         /home/infoetu/hugo.straseele.etu/s5/back-end/apache-tomcat-11.0.25
03-Sep-2026 11:59:16.892 INFO [main] org.apache.catalina.startup.VersionLoggerListener.log Command line argument: -Djava.util.logging.config.file=/home/infoetu/hugo.straseele.etu/s5/back-end/apache-tomcat-11.0.25/conf/logging.properties
03-Sep-2026 11:59:16.893 INFO [main] org.apache.catalina.startup.VersionLoggerListener.log Command line argument: -Djava.util.logging.manager=org.apache.juli.ClassLoaderLogManager
03-Sep-2026 11:59:16.893 INFO [main] org.apache.catalina.startup.VersionLoggerListener.log Command line argument: -Djdk.tls.ephemeralDHKeySize=2048
03-Sep-2026 11:59:16.893 INFO [main] org.apache.catalina.startup.VersionLoggerListener.log Command line argument: -Dorg.apache.catalina.security.SecurityListener.UMASK=0027
03-Sep-2026 11:59:16.893 INFO [main] org.apache.catalina.startup.VersionLoggerListener.log Command line argument: --add-opens=java.base/java.lang=ALL-UNNAMED
03-Sep-2026 11:59:16.893 INFO [main] org.apache.catalina.startup.VersionLoggerListener.log Command line argument: --add-opens=java.base/java.lang.reflect=ALL-UNNAMED
03-Sep-2026 11:59:16.893 INFO [main] org.apache.catalina.startup.VersionLoggerListener.log Command line argument: --add-opens=java.base/java.io=ALL-UNNAMED
03-Sep-2026 11:59:16.893 INFO [main] org.apache.catalina.startup.VersionLoggerListener.log Command line argument: --add-opens=java.base/java.util=ALL-UNNAMED
03-Sep-2026 11:59:16.893 INFO [main] org.apache.catalina.startup.VersionLoggerListener.log Command line argument: --add-opens=java.base/java.util.concurrent=ALL-UNNAMED
03-Sep-2026 11:59:16.894 INFO [main] org.apache.catalina.startup.VersionLoggerListener.log Command line argument: --add-opens=java.rmi/sun.rmi.transport=ALL-UNNAMED
03-Sep-2026 11:59:16.894 INFO [main] org.apache.catalina.startup.VersionLoggerListener.log Command line argument: --enable-native-access=ALL-UNNAMED
03-Sep-2026 11:59:16.894 INFO [main] org.apache.catalina.startup.VersionLoggerListener.log Command line argument: -Dcatalina.base=/home/infoetu/hugo.straseele.etu/s5/back-end/apache-tomcat-11.0.25
03-Sep-2026 11:59:16.894 INFO [main] org.apache.catalina.startup.VersionLoggerListener.log Command line argument: -Dcatalina.home=/home/infoetu/hugo.straseele.etu/s5/back-end/apache-tomcat-11.0.25
03-Sep-2026 11:59:16.894 INFO [main] org.apache.catalina.startup.VersionLoggerListener.log Command line argument: -Djava.io.tmpdir=/home/infoetu/hugo.straseele.etu/s5/back-end/apache-tomcat-11.0.25/temp
03-Sep-2026 11:59:16.895 INFO [main] org.apache.catalina.core.AprLifecycleListener.lifecycleEvent The Apache Tomcat Native library which allows using OpenSSL was not found on the java.library.path: [/usr/java/packages/lib:/usr/lib/x86_64-linux-gnu/jni:/lib/x86_64-linux-gnu:/usr/lib/x86_64-linux-gnu:/usr/lib/jni:/lib:/usr/lib]
03-Sep-2026 11:59:17.075 INFO [main] org.apache.coyote.AbstractProtocol.init Initializing ProtocolHandler ["http-nio-8080"]
03-Sep-2026 11:59:17.089 INFO [main] org.apache.catalina.startup.Catalina.load Server initialization in [317] milliseconds
03-Sep-2026 11:59:17.119 INFO [main] org.apache.catalina.core.StandardService.startInternal Starting service [Catalina]
03-Sep-2026 11:59:17.119 INFO [main] org.apache.catalina.core.StandardEngine.startInternal Starting Servlet engine: [Apache Tomcat/11.0.25]
03-Sep-2026 11:59:17.126 INFO [main] org.apache.catalina.startup.HostConfig.deployDirectory Deploying web application directory [/home/infoetu/hugo.straseele.etu/s5/back-end/apache-tomcat-11.0.25/webapps/ROOT]
03-Sep-2026 11:59:17.390 INFO [main] org.apache.jasper.servlet.TldScanner.scanJars At least one JAR was scanned for TLDs yet contained no TLDs. Enable debug logging for this logger for a complete list of JARs that were scanned but no TLDs were found in them. Skipping unneeded JARs during scanning can improve startup time and JSP compilation time.
03-Sep-2026 11:59:17.409 INFO [main] org.apache.catalina.startup.HostConfig.deployDirectory Deployment of web application directory [/home/infoetu/hugo.straseele.etu/s5/back-end/apache-tomcat-11.0.25/webapps/ROOT] has finished in [283] ms
03-Sep-2026 11:59:17.410 INFO [main] org.apache.catalina.startup.HostConfig.deployDirectory Deploying web application directory [/home/infoetu/hugo.straseele.etu/s5/back-end/apache-tomcat-11.0.25/webapps/tp501]
03-Sep-2026 11:59:17.495 INFO [main] org.apache.jasper.servlet.TldScanner.scanJars At least one JAR was scanned for TLDs yet contained no TLDs. Enable debug logging for this logger for a complete list of JARs that were scanned but no TLDs were found in them. Skipping unneeded JARs during scanning can improve startup time and JSP compilation time.
03-Sep-2026 11:59:17.496 INFO [main] org.apache.catalina.startup.HostConfig.deployDirectory Deployment of web application directory [/home/infoetu/hugo.straseele.etu/s5/back-end/apache-tomcat-11.0.25/webapps/tp501] has finished in [86] ms
03-Sep-2026 11:59:17.496 INFO [main] org.apache.catalina.startup.HostConfig.deployDirectory Deploying web application directory [/home/infoetu/hugo.straseele.etu/s5/back-end/apache-tomcat-11.0.25/webapps/docs]
03-Sep-2026 11:59:17.569 INFO [main] org.apache.jasper.servlet.TldScanner.scanJars At least one JAR was scanned for TLDs yet contained no TLDs. Enable debug logging for this logger for a complete list of JARs that were scanned but no TLDs were found in them. Skipping unneeded JARs during scanning can improve startup time and JSP compilation time.
03-Sep-2026 11:59:17.571 INFO [main] org.apache.catalina.startup.HostConfig.deployDirectory Deployment of web application directory [/home/infoetu/hugo.straseele.etu/s5/back-end/apache-tomcat-11.0.25/webapps/docs] has finished in [75] ms
03-Sep-2026 11:59:17.571 INFO [main] org.apache.catalina.startup.HostConfig.deployDirectory Deploying web application directory [/home/infoetu/hugo.straseele.etu/s5/back-end/apache-tomcat-11.0.25/webapps/manager]
03-Sep-2026 11:59:17.646 INFO [main] org.apache.jasper.servlet.TldScanner.scanJars At least one JAR was scanned for TLDs yet contained no TLDs. Enable debug logging for this logger for a complete list of JARs that were scanned but no TLDs were found in them. Skipping unneeded JARs during scanning can improve startup time and JSP compilation time.
03-Sep-2026 11:59:17.650 INFO [main] org.apache.catalina.startup.HostConfig.deployDirectory Deployment of web application directory [/home/infoetu/hugo.straseele.etu/s5/back-end/apache-tomcat-11.0.25/webapps/manager] has finished in [78] ms
03-Sep-2026 11:59:17.650 INFO [main] org.apache.catalina.startup.HostConfig.deployDirectory Deploying web application directory [/home/infoetu/hugo.straseele.etu/s5/back-end/apache-tomcat-11.0.25/webapps/host-manager]
03-Sep-2026 11:59:17.705 INFO [main] org.apache.jasper.servlet.TldScanner.scanJars At least one JAR was scanned for TLDs yet contained no TLDs. Enable debug logging for this logger for a complete list of JARs that were scanned but no TLDs were found in them. Skipping unneeded JARs during scanning can improve startup time and JSP compilation time.
03-Sep-2026 11:59:17.706 INFO [main] org.apache.catalina.startup.HostConfig.deployDirectory Deployment of web application directory [/home/infoetu/hugo.straseele.etu/s5/back-end/apache-tomcat-11.0.25/webapps/host-manager] has finished in [56] ms
03-Sep-2026 11:59:17.706 INFO [main] org.apache.catalina.startup.HostConfig.deployDirectory Deploying web application directory [/home/infoetu/hugo.straseele.etu/s5/back-end/apache-tomcat-11.0.25/webapps/examples]
03-Sep-2026 11:59:17.757 INFO [main] org.apache.jasper.servlet.TldScanner.scanJars At least one JAR was scanned for TLDs yet contained no TLDs. Enable debug logging for this logger for a complete list of JARs that were scanned but no TLDs were found in them. Skipping unneeded JARs during scanning can improve startup time and JSP compilation time.
03-Sep-2026 11:59:17.760 INFO [main] org.apache.catalina.startup.HostConfig.deployDirectory Deployment of web application directory [/home/infoetu/hugo.straseele.etu/s5/back-end/apache-tomcat-11.0.25/webapps/examples] has finished in [54] ms
03-Sep-2026 11:59:17.762 INFO [main] org.apache.coyote.AbstractProtocol.start Starting ProtocolHandler ["http-nio-8080"]
03-Sep-2026 11:59:17.768 INFO [main] org.apache.catalina.startup.Catalina.start Server startup in [678] milliseconds
03-Sep-2026 12:01:19.890 INFO [Thread-1] org.apache.coyote.AbstractProtocol.pause Pausing ProtocolHandler ["http-nio-8080"]
03-Sep-2026 12:01:19.891 INFO [Thread-1] org.apache.catalina.core.StandardService.stopInternal Stopping service [Catalina]
03-Sep-2026 12:01:19.913 INFO [Thread-1] org.apache.coyote.AbstractProtocol.stop Stopping ProtocolHandler ["http-nio-8080"]
03-Sep-2026 12:01:19.925 INFO [Thread-1] org.apache.coyote.AbstractProtocol.destroy Destroying ProtocolHandler ["http-nio-8080"]
