11-Sep-2026 09:33:30.235 INFO [main] org.apache.catalina.startup.VersionLoggerListener.log Server version name:   Apache Tomcat/11.0.25
11-Sep-2026 09:33:30.238 INFO [main] org.apache.catalina.startup.VersionLoggerListener.log Server built:          Aug 12 2026 12:46:04 UTC
11-Sep-2026 09:33:30.238 INFO [main] org.apache.catalina.startup.VersionLoggerListener.log Server version number: 11.0.25.0
11-Sep-2026 09:33:30.239 INFO [main] org.apache.catalina.startup.VersionLoggerListener.log OS Name:               Linux
11-Sep-2026 09:33:30.239 INFO [main] org.apache.catalina.startup.VersionLoggerListener.log OS Version:            6.12.107+deb13-amd64
11-Sep-2026 09:33:30.239 INFO [main] org.apache.catalina.startup.VersionLoggerListener.log Architecture:          amd64
11-Sep-2026 09:33:30.239 INFO [main] org.apache.catalina.startup.VersionLoggerListener.log Java Home:             /usr/lib/jvm/java-21-openjdk-amd64
11-Sep-2026 09:33:30.239 INFO [main] org.apache.catalina.startup.VersionLoggerListener.log JVM Version:           21.0.12.1+1-1-deb13u1-Debian
11-Sep-2026 09:33:30.239 INFO [main] org.apache.catalina.startup.VersionLoggerListener.log JVM Vendor:            Debian
11-Sep-2026 09:33:30.239 INFO [main] org.apache.catalina.startup.VersionLoggerListener.log CATALINA_BASE:         /home/infoetu/hugo.straseele.etu/s5/back-end/apache-tomcat-11.0.25
11-Sep-2026 09:33:30.239 INFO [main] org.apache.catalina.startup.VersionLoggerListener.log CATALINA_HOME:         /home/infoetu/hugo.straseele.etu/s5/back-end/apache-tomcat-11.0.25
11-Sep-2026 09:33:30.246 INFO [main] org.apache.catalina.startup.VersionLoggerListener.log Command line argument: -Djava.util.logging.config.file=/home/infoetu/hugo.straseele.etu/s5/back-end/apache-tomcat-11.0.25/conf/logging.properties
11-Sep-2026 09:33:30.246 INFO [main] org.apache.catalina.startup.VersionLoggerListener.log Command line argument: -Djava.util.logging.manager=org.apache.juli.ClassLoaderLogManager
11-Sep-2026 09:33:30.246 INFO [main] org.apache.catalina.startup.VersionLoggerListener.log Command line argument: -Djdk.tls.ephemeralDHKeySize=2048
11-Sep-2026 09:33:30.247 INFO [main] org.apache.catalina.startup.VersionLoggerListener.log Command line argument: -Dorg.apache.catalina.security.SecurityListener.UMASK=0027
11-Sep-2026 09:33:30.247 INFO [main] org.apache.catalina.startup.VersionLoggerListener.log Command line argument: --add-opens=java.base/java.lang=ALL-UNNAMED
11-Sep-2026 09:33:30.247 INFO [main] org.apache.catalina.startup.VersionLoggerListener.log Command line argument: --add-opens=java.base/java.lang.reflect=ALL-UNNAMED
11-Sep-2026 09:33:30.247 INFO [main] org.apache.catalina.startup.VersionLoggerListener.log Command line argument: --add-opens=java.base/java.io=ALL-UNNAMED
11-Sep-2026 09:33:30.247 INFO [main] org.apache.catalina.startup.VersionLoggerListener.log Command line argument: --add-opens=java.base/java.util=ALL-UNNAMED
11-Sep-2026 09:33:30.247 INFO [main] org.apache.catalina.startup.VersionLoggerListener.log Command line argument: --add-opens=java.base/java.util.concurrent=ALL-UNNAMED
11-Sep-2026 09:33:30.247 INFO [main] org.apache.catalina.startup.VersionLoggerListener.log Command line argument: --add-opens=java.rmi/sun.rmi.transport=ALL-UNNAMED
11-Sep-2026 09:33:30.247 INFO [main] org.apache.catalina.startup.VersionLoggerListener.log Command line argument: --enable-native-access=ALL-UNNAMED
11-Sep-2026 09:33:30.247 INFO [main] org.apache.catalina.startup.VersionLoggerListener.log Command line argument: -Dcatalina.base=/home/infoetu/hugo.straseele.etu/s5/back-end/apache-tomcat-11.0.25
11-Sep-2026 09:33:30.247 INFO [main] org.apache.catalina.startup.VersionLoggerListener.log Command line argument: -Dcatalina.home=/home/infoetu/hugo.straseele.etu/s5/back-end/apache-tomcat-11.0.25
11-Sep-2026 09:33:30.247 INFO [main] org.apache.catalina.startup.VersionLoggerListener.log Command line argument: -Djava.io.tmpdir=/home/infoetu/hugo.straseele.etu/s5/back-end/apache-tomcat-11.0.25/temp
11-Sep-2026 09:33:30.249 INFO [main] org.apache.catalina.core.AprLifecycleListener.lifecycleEvent The Apache Tomcat Native library which allows using OpenSSL was not found on the java.library.path: [/usr/java/packages/lib:/usr/lib/x86_64-linux-gnu/jni:/lib/x86_64-linux-gnu:/usr/lib/x86_64-linux-gnu:/usr/lib/jni:/lib:/usr/lib]
11-Sep-2026 09:33:30.459 INFO [main] org.apache.coyote.AbstractProtocol.init Initializing ProtocolHandler ["http-nio-8080"]
11-Sep-2026 09:33:30.473 INFO [main] org.apache.catalina.startup.Catalina.load Server initialization in [362] milliseconds
11-Sep-2026 09:33:30.502 INFO [main] org.apache.catalina.core.StandardService.startInternal Starting service [Catalina]
11-Sep-2026 09:33:30.502 INFO [main] org.apache.catalina.core.StandardEngine.startInternal Starting Servlet engine: [Apache Tomcat/11.0.25]
11-Sep-2026 09:33:30.509 INFO [main] org.apache.catalina.startup.HostConfig.deployDirectory Deploying web application directory [/home/infoetu/hugo.straseele.etu/s5/back-end/apache-tomcat-11.0.25/webapps/ROOT]
11-Sep-2026 09:33:30.791 INFO [main] org.apache.jasper.servlet.TldScanner.scanJars At least one JAR was scanned for TLDs yet contained no TLDs. Enable debug logging for this logger for a complete list of JARs that were scanned but no TLDs were found in them. Skipping unneeded JARs during scanning can improve startup time and JSP compilation time.
11-Sep-2026 09:33:30.811 INFO [main] org.apache.catalina.startup.HostConfig.deployDirectory Deployment of web application directory [/home/infoetu/hugo.straseele.etu/s5/back-end/apache-tomcat-11.0.25/webapps/ROOT] has finished in [302] ms
11-Sep-2026 09:33:30.811 INFO [main] org.apache.catalina.startup.HostConfig.deployDirectory Deploying web application directory [/home/infoetu/hugo.straseele.etu/s5/back-end/apache-tomcat-11.0.25/webapps/tp501]
11-Sep-2026 09:33:30.900 INFO [main] org.apache.jasper.servlet.TldScanner.scanJars At least one JAR was scanned for TLDs yet contained no TLDs. Enable debug logging for this logger for a complete list of JARs that were scanned but no TLDs were found in them. Skipping unneeded JARs during scanning can improve startup time and JSP compilation time.
11-Sep-2026 09:33:30.901 INFO [main] org.apache.catalina.startup.HostConfig.deployDirectory Deployment of web application directory [/home/infoetu/hugo.straseele.etu/s5/back-end/apache-tomcat-11.0.25/webapps/tp501] has finished in [90] ms
11-Sep-2026 09:33:30.902 INFO [main] org.apache.catalina.startup.HostConfig.deployDirectory Deploying web application directory [/home/infoetu/hugo.straseele.etu/s5/back-end/apache-tomcat-11.0.25/webapps/docs]
11-Sep-2026 09:33:30.977 INFO [main] org.apache.jasper.servlet.TldScanner.scanJars At least one JAR was scanned for TLDs yet contained no TLDs. Enable debug logging for this logger for a complete list of JARs that were scanned but no TLDs were found in them. Skipping unneeded JARs during scanning can improve startup time and JSP compilation time.
11-Sep-2026 09:33:30.979 INFO [main] org.apache.catalina.startup.HostConfig.deployDirectory Deployment of web application directory [/home/infoetu/hugo.straseele.etu/s5/back-end/apache-tomcat-11.0.25/webapps/docs] has finished in [76] ms
11-Sep-2026 09:33:30.979 INFO [main] org.apache.catalina.startup.HostConfig.deployDirectory Deploying web application directory [/home/infoetu/hugo.straseele.etu/s5/back-end/apache-tomcat-11.0.25/webapps/manager]
11-Sep-2026 09:33:31.059 INFO [main] org.apache.jasper.servlet.TldScanner.scanJars At least one JAR was scanned for TLDs yet contained no TLDs. Enable debug logging for this logger for a complete list of JARs that were scanned but no TLDs were found in them. Skipping unneeded JARs during scanning can improve startup time and JSP compilation time.
11-Sep-2026 09:33:31.063 INFO [main] org.apache.catalina.startup.HostConfig.deployDirectory Deployment of web application directory [/home/infoetu/hugo.straseele.etu/s5/back-end/apache-tomcat-11.0.25/webapps/manager] has finished in [83] ms
11-Sep-2026 09:33:31.063 INFO [main] org.apache.catalina.startup.HostConfig.deployDirectory Deploying web application directory [/home/infoetu/hugo.straseele.etu/s5/back-end/apache-tomcat-11.0.25/webapps/host-manager]
11-Sep-2026 09:33:31.122 INFO [main] org.apache.jasper.servlet.TldScanner.scanJars At least one JAR was scanned for TLDs yet contained no TLDs. Enable debug logging for this logger for a complete list of JARs that were scanned but no TLDs were found in them. Skipping unneeded JARs during scanning can improve startup time and JSP compilation time.
11-Sep-2026 09:33:31.124 INFO [main] org.apache.catalina.startup.HostConfig.deployDirectory Deployment of web application directory [/home/infoetu/hugo.straseele.etu/s5/back-end/apache-tomcat-11.0.25/webapps/host-manager] has finished in [60] ms
11-Sep-2026 09:33:31.124 INFO [main] org.apache.catalina.startup.HostConfig.deployDirectory Deploying web application directory [/home/infoetu/hugo.straseele.etu/s5/back-end/apache-tomcat-11.0.25/webapps/tp502]
11-Sep-2026 09:33:31.183 INFO [main] org.apache.jasper.servlet.TldScanner.scanJars At least one JAR was scanned for TLDs yet contained no TLDs. Enable debug logging for this logger for a complete list of JARs that were scanned but no TLDs were found in them. Skipping unneeded JARs during scanning can improve startup time and JSP compilation time.
11-Sep-2026 09:33:31.185 INFO [main] org.apache.catalina.startup.HostConfig.deployDirectory Deployment of web application directory [/home/infoetu/hugo.straseele.etu/s5/back-end/apache-tomcat-11.0.25/webapps/tp502] has finished in [61] ms
11-Sep-2026 09:33:31.185 INFO [main] org.apache.catalina.startup.HostConfig.deployDirectory Deploying web application directory [/home/infoetu/hugo.straseele.etu/s5/back-end/apache-tomcat-11.0.25/webapps/examples]
11-Sep-2026 09:33:31.252 INFO [main] org.apache.jasper.servlet.TldScanner.scanJars At least one JAR was scanned for TLDs yet contained no TLDs. Enable debug logging for this logger for a complete list of JARs that were scanned but no TLDs were found in them. Skipping unneeded JARs during scanning can improve startup time and JSP compilation time.
11-Sep-2026 09:33:31.256 INFO [main] org.apache.catalina.startup.HostConfig.deployDirectory Deployment of web application directory [/home/infoetu/hugo.straseele.etu/s5/back-end/apache-tomcat-11.0.25/webapps/examples] has finished in [70] ms
11-Sep-2026 09:33:31.259 INFO [main] org.apache.coyote.AbstractProtocol.start Starting ProtocolHandler ["http-nio-8080"]
11-Sep-2026 09:33:31.267 INFO [main] org.apache.catalina.startup.Catalina.start Server startup in [792] milliseconds
11-Sep-2026 09:36:51.354 INFO [Catalina-utility-2] org.apache.catalina.core.StandardContext.reload Reloading Context with name [/tp502] has started
11-Sep-2026 09:36:51.420 INFO [Catalina-utility-2] org.apache.jasper.servlet.TldScanner.scanJars At least one JAR was scanned for TLDs yet contained no TLDs. Enable debug logging for this logger for a complete list of JARs that were scanned but no TLDs were found in them. Skipping unneeded JARs during scanning can improve startup time and JSP compilation time.
11-Sep-2026 09:36:51.421 INFO [Catalina-utility-2] org.apache.catalina.core.StandardContext.reload Reloading Context with name [/tp502] is completed
11-Sep-2026 09:49:39.629 INFO [Thread-1] org.apache.coyote.AbstractProtocol.pause Pausing ProtocolHandler ["http-nio-8080"]
11-Sep-2026 09:49:39.641 INFO [Thread-1] org.apache.catalina.core.StandardService.stopInternal Stopping service [Catalina]
11-Sep-2026 09:49:39.653 INFO [Thread-1] org.apache.coyote.AbstractProtocol.stop Stopping ProtocolHandler ["http-nio-8080"]
11-Sep-2026 09:49:39.664 INFO [Thread-1] org.apache.coyote.AbstractProtocol.destroy Destroying ProtocolHandler ["http-nio-8080"]
11-Sep-2026 09:49:41.403 INFO [main] org.apache.catalina.startup.VersionLoggerListener.log Server version name:   Apache Tomcat/11.0.25
11-Sep-2026 09:49:41.406 INFO [main] org.apache.catalina.startup.VersionLoggerListener.log Server built:          Aug 12 2026 12:46:04 UTC
11-Sep-2026 09:49:41.406 INFO [main] org.apache.catalina.startup.VersionLoggerListener.log Server version number: 11.0.25.0
11-Sep-2026 09:49:41.406 INFO [main] org.apache.catalina.startup.VersionLoggerListener.log OS Name:               Linux
11-Sep-2026 09:49:41.407 INFO [main] org.apache.catalina.startup.VersionLoggerListener.log OS Version:            6.12.107+deb13-amd64
11-Sep-2026 09:49:41.407 INFO [main] org.apache.catalina.startup.VersionLoggerListener.log Architecture:          amd64
11-Sep-2026 09:49:41.407 INFO [main] org.apache.catalina.startup.VersionLoggerListener.log Java Home:             /usr/lib/jvm/java-21-openjdk-amd64
11-Sep-2026 09:49:41.407 INFO [main] org.apache.catalina.startup.VersionLoggerListener.log JVM Version:           21.0.12.1+1-1-deb13u1-Debian
11-Sep-2026 09:49:41.407 INFO [main] org.apache.catalina.startup.VersionLoggerListener.log JVM Vendor:            Debian
11-Sep-2026 09:49:41.407 INFO [main] org.apache.catalina.startup.VersionLoggerListener.log CATALINA_BASE:         /home/infoetu/hugo.straseele.etu/s5/back-end/apache-tomcat-11.0.25
11-Sep-2026 09:49:41.407 INFO [main] org.apache.catalina.startup.VersionLoggerListener.log CATALINA_HOME:         /home/infoetu/hugo.straseele.etu/s5/back-end/apache-tomcat-11.0.25
11-Sep-2026 09:49:41.414 INFO [main] org.apache.catalina.startup.VersionLoggerListener.log Command line argument: -Djava.util.logging.config.file=/home/infoetu/hugo.straseele.etu/s5/back-end/apache-tomcat-11.0.25/conf/logging.properties
11-Sep-2026 09:49:41.414 INFO [main] org.apache.catalina.startup.VersionLoggerListener.log Command line argument: -Djava.util.logging.manager=org.apache.juli.ClassLoaderLogManager
11-Sep-2026 09:49:41.414 INFO [main] org.apache.catalina.startup.VersionLoggerListener.log Command line argument: -Djdk.tls.ephemeralDHKeySize=2048
11-Sep-2026 09:49:41.414 INFO [main] org.apache.catalina.startup.VersionLoggerListener.log Command line argument: -Dorg.apache.catalina.security.SecurityListener.UMASK=0027
11-Sep-2026 09:49:41.414 INFO [main] org.apache.catalina.startup.VersionLoggerListener.log Command line argument: --add-opens=java.base/java.lang=ALL-UNNAMED
11-Sep-2026 09:49:41.414 INFO [main] org.apache.catalina.startup.VersionLoggerListener.log Command line argument: --add-opens=java.base/java.lang.reflect=ALL-UNNAMED
11-Sep-2026 09:49:41.414 INFO [main] org.apache.catalina.startup.VersionLoggerListener.log Command line argument: --add-opens=java.base/java.io=ALL-UNNAMED
11-Sep-2026 09:49:41.414 INFO [main] org.apache.catalina.startup.VersionLoggerListener.log Command line argument: --add-opens=java.base/java.util=ALL-UNNAMED
11-Sep-2026 09:49:41.415 INFO [main] org.apache.catalina.startup.VersionLoggerListener.log Command line argument: --add-opens=java.base/java.util.concurrent=ALL-UNNAMED
11-Sep-2026 09:49:41.415 INFO [main] org.apache.catalina.startup.VersionLoggerListener.log Command line argument: --add-opens=java.rmi/sun.rmi.transport=ALL-UNNAMED
11-Sep-2026 09:49:41.415 INFO [main] org.apache.catalina.startup.VersionLoggerListener.log Command line argument: --enable-native-access=ALL-UNNAMED
11-Sep-2026 09:49:41.415 INFO [main] org.apache.catalina.startup.VersionLoggerListener.log Command line argument: -Dcatalina.base=/home/infoetu/hugo.straseele.etu/s5/back-end/apache-tomcat-11.0.25
11-Sep-2026 09:49:41.415 INFO [main] org.apache.catalina.startup.VersionLoggerListener.log Command line argument: -Dcatalina.home=/home/infoetu/hugo.straseele.etu/s5/back-end/apache-tomcat-11.0.25
11-Sep-2026 09:49:41.415 INFO [main] org.apache.catalina.startup.VersionLoggerListener.log Command line argument: -Djava.io.tmpdir=/home/infoetu/hugo.straseele.etu/s5/back-end/apache-tomcat-11.0.25/temp
11-Sep-2026 09:49:41.416 INFO [main] org.apache.catalina.core.AprLifecycleListener.lifecycleEvent The Apache Tomcat Native library which allows using OpenSSL was not found on the java.library.path: [/usr/java/packages/lib:/usr/lib/x86_64-linux-gnu/jni:/lib/x86_64-linux-gnu:/usr/lib/x86_64-linux-gnu:/usr/lib/jni:/lib:/usr/lib]
11-Sep-2026 09:49:41.615 INFO [main] org.apache.coyote.AbstractProtocol.init Initializing ProtocolHandler ["http-nio-8080"]
11-Sep-2026 09:49:41.630 INFO [main] org.apache.catalina.startup.Catalina.load Server initialization in [338] milliseconds
11-Sep-2026 09:49:41.657 INFO [main] org.apache.catalina.core.StandardService.startInternal Starting service [Catalina]
11-Sep-2026 09:49:41.658 INFO [main] org.apache.catalina.core.StandardEngine.startInternal Starting Servlet engine: [Apache Tomcat/11.0.25]
11-Sep-2026 09:49:41.663 INFO [main] org.apache.catalina.startup.HostConfig.deployDirectory Deploying web application directory [/home/infoetu/hugo.straseele.etu/s5/back-end/apache-tomcat-11.0.25/webapps/ROOT]
11-Sep-2026 09:49:41.924 INFO [main] org.apache.jasper.servlet.TldScanner.scanJars At least one JAR was scanned for TLDs yet contained no TLDs. Enable debug logging for this logger for a complete list of JARs that were scanned but no TLDs were found in them. Skipping unneeded JARs during scanning can improve startup time and JSP compilation time.
11-Sep-2026 09:49:41.942 INFO [main] org.apache.catalina.startup.HostConfig.deployDirectory Deployment of web application directory [/home/infoetu/hugo.straseele.etu/s5/back-end/apache-tomcat-11.0.25/webapps/ROOT] has finished in [279] ms
11-Sep-2026 09:49:41.943 INFO [main] org.apache.catalina.startup.HostConfig.deployDirectory Deploying web application directory [/home/infoetu/hugo.straseele.etu/s5/back-end/apache-tomcat-11.0.25/webapps/tp501]
11-Sep-2026 09:49:42.028 INFO [main] org.apache.jasper.servlet.TldScanner.scanJars At least one JAR was scanned for TLDs yet contained no TLDs. Enable debug logging for this logger for a complete list of JARs that were scanned but no TLDs were found in them. Skipping unneeded JARs during scanning can improve startup time and JSP compilation time.
11-Sep-2026 09:49:42.030 INFO [main] org.apache.catalina.startup.HostConfig.deployDirectory Deployment of web application directory [/home/infoetu/hugo.straseele.etu/s5/back-end/apache-tomcat-11.0.25/webapps/tp501] has finished in [86] ms
11-Sep-2026 09:49:42.030 INFO [main] org.apache.catalina.startup.HostConfig.deployDirectory Deploying web application directory [/home/infoetu/hugo.straseele.etu/s5/back-end/apache-tomcat-11.0.25/webapps/docs]
11-Sep-2026 09:49:42.103 INFO [main] org.apache.jasper.servlet.TldScanner.scanJars At least one JAR was scanned for TLDs yet contained no TLDs. Enable debug logging for this logger for a complete list of JARs that were scanned but no TLDs were found in them. Skipping unneeded JARs during scanning can improve startup time and JSP compilation time.
11-Sep-2026 09:49:42.104 INFO [main] org.apache.catalina.startup.HostConfig.deployDirectory Deployment of web application directory [/home/infoetu/hugo.straseele.etu/s5/back-end/apache-tomcat-11.0.25/webapps/docs] has finished in [74] ms
11-Sep-2026 09:49:42.105 INFO [main] org.apache.catalina.startup.HostConfig.deployDirectory Deploying web application directory [/home/infoetu/hugo.straseele.etu/s5/back-end/apache-tomcat-11.0.25/webapps/manager]
11-Sep-2026 09:49:42.187 INFO [main] org.apache.jasper.servlet.TldScanner.scanJars At least one JAR was scanned for TLDs yet contained no TLDs. Enable debug logging for this logger for a complete list of JARs that were scanned but no TLDs were found in them. Skipping unneeded JARs during scanning can improve startup time and JSP compilation time.
11-Sep-2026 09:49:42.190 INFO [main] org.apache.catalina.startup.HostConfig.deployDirectory Deployment of web application directory [/home/infoetu/hugo.straseele.etu/s5/back-end/apache-tomcat-11.0.25/webapps/manager] has finished in [85] ms
11-Sep-2026 09:49:42.190 INFO [main] org.apache.catalina.startup.HostConfig.deployDirectory Deploying web application directory [/home/infoetu/hugo.straseele.etu/s5/back-end/apache-tomcat-11.0.25/webapps/host-manager]
11-Sep-2026 09:49:42.246 INFO [main] org.apache.jasper.servlet.TldScanner.scanJars At least one JAR was scanned for TLDs yet contained no TLDs. Enable debug logging for this logger for a complete list of JARs that were scanned but no TLDs were found in them. Skipping unneeded JARs during scanning can improve startup time and JSP compilation time.
11-Sep-2026 09:49:42.247 INFO [main] org.apache.catalina.startup.HostConfig.deployDirectory Deployment of web application directory [/home/infoetu/hugo.straseele.etu/s5/back-end/apache-tomcat-11.0.25/webapps/host-manager] has finished in [57] ms
11-Sep-2026 09:49:42.247 INFO [main] org.apache.catalina.startup.HostConfig.deployDirectory Deploying web application directory [/home/infoetu/hugo.straseele.etu/s5/back-end/apache-tomcat-11.0.25/webapps/tp502]
11-Sep-2026 09:49:42.302 INFO [main] org.apache.jasper.servlet.TldScanner.scanJars At least one JAR was scanned for TLDs yet contained no TLDs. Enable debug logging for this logger for a complete list of JARs that were scanned but no TLDs were found in them. Skipping unneeded JARs during scanning can improve startup time and JSP compilation time.
11-Sep-2026 09:49:42.304 INFO [main] org.apache.catalina.startup.HostConfig.deployDirectory Deployment of web application directory [/home/infoetu/hugo.straseele.etu/s5/back-end/apache-tomcat-11.0.25/webapps/tp502] has finished in [57] ms
11-Sep-2026 09:49:42.304 INFO [main] org.apache.catalina.startup.HostConfig.deployDirectory Deploying web application directory [/home/infoetu/hugo.straseele.etu/s5/back-end/apache-tomcat-11.0.25/webapps/examples]
11-Sep-2026 09:49:42.358 INFO [main] org.apache.jasper.servlet.TldScanner.scanJars At least one JAR was scanned for TLDs yet contained no TLDs. Enable debug logging for this logger for a complete list of JARs that were scanned but no TLDs were found in them. Skipping unneeded JARs during scanning can improve startup time and JSP compilation time.
11-Sep-2026 09:49:42.361 INFO [main] org.apache.catalina.startup.HostConfig.deployDirectory Deployment of web application directory [/home/infoetu/hugo.straseele.etu/s5/back-end/apache-tomcat-11.0.25/webapps/examples] has finished in [57] ms
11-Sep-2026 09:49:42.363 INFO [main] org.apache.coyote.AbstractProtocol.start Starting ProtocolHandler ["http-nio-8080"]
11-Sep-2026 09:49:42.370 INFO [main] org.apache.catalina.startup.Catalina.start Server startup in [739] milliseconds
